#
# There is insufficient memory for the Java Runtime Environment to continue.
# Native memory allocation (mmap) failed to map 1048576 bytes. Error detail: G1 virtual space
# Possible reasons:
#   The system is out of physical RAM or swap space
#   This process is running with CompressedOops enabled, and the Java Heap may be blocking the growth of the native heap
# Possible solutions:
#   Reduce memory load on the system
#   Increase physical memory or swap space
#   Check if swap backing store is full
#   Decrease Java heap size (-Xmx/-Xms)
#   Decrease number of Java threads
#   Decrease Java thread stack sizes (-Xss)
#   Set larger code cache with -XX:ReservedCodeCacheSize=
#   JVM is running with Unscaled Compressed Oops mode in which the Java heap is
#     placed in the first 4GB address space. The Java Heap base address is the
#     maximum limit for the native heap growth. Please use -XX:HeapBaseMinAddress
#     to set the Java Heap base and to place the Java Heap above 4GB virtual address.
# This output file may be truncated or incomplete.
#
#  Out of Memory Error (os_windows.cpp:3714), pid=39832, tid=24316
#
# JRE version: OpenJDK Runtime Environment Temurin-21.0.10+7 (21.0.10+7) (build 21.0.10+7-LTS)
# Java VM: OpenJDK 64-Bit Server VM Temurin-21.0.10+7 (21.0.10+7-LTS, mixed mode, emulated-client, sharing, tiered, compressed oops, compressed class ptrs, g1 gc, windows-amd64)
# No core dump will be written. Minidumps are not enabled by default on client versions of Windows
#

---------------  S U M M A R Y ------------

Command Line: -XX:TieredStopAtLevel=1 com.inmobiliaria.identity_service.Application

Host: Intel(R) Core(TM) i7-6500U CPU @ 2.50GHz, 4 cores, 7G,  Windows 10 , 64 bit Build 19041 (10.0.19041.5915)
Time: Tue Jun  9 05:13:24 2026 Hora est. África Central Occid. elapsed time: 30728.898659 seconds (0d 8h 32m 8s)

---------------  T H R E A D  ---------------

Current thread (0x000001f9cdb23040):  VMThread "VM Thread"          [id=24316, stack(0x00000032f8200000,0x00000032f8300000) (1024K)]

Stack: [0x00000032f8200000,0x00000032f8300000]
Native frames: (J=compiled Java code, j=interpreted, Vv=VM code, C=native code)
V  [jvm.dll+0x6d7a39]
V  [jvm.dll+0x8b4b26]
V  [jvm.dll+0x8b70de]
V  [jvm.dll+0x8b77c3]
V  [jvm.dll+0x284346]
V  [jvm.dll+0x6d4355]
V  [jvm.dll+0x6c808a]
V  [jvm.dll+0x35edb8]
V  [jvm.dll+0x3669f6]
V  [jvm.dll+0x3b7afe]
V  [jvm.dll+0x3b7da8]
V  [jvm.dll+0x332fbc]
V  [jvm.dll+0x333047]
V  [jvm.dll+0x376e1c]
V  [jvm.dll+0x3755be]
V  [jvm.dll+0x332701]
V  [jvm.dll+0x374c2a]
V  [jvm.dll+0x8bd4b0]
V  [jvm.dll+0x8be824]
V  [jvm.dll+0x8bed50]
V  [jvm.dll+0x8beff3]
V  [jvm.dll+0x85f59d]
V  [jvm.dll+0x6d626d]
C  [ucrtbase.dll+0x21bb2]
C  [KERNEL32.DLL+0x17374]
C  [ntdll.dll+0x4cc91]

VM_Operation (0x00000032fa6f48d0): G1CollectForAllocation, mode: safepoint, requested by thread 0x000001fa15e92ea0


---------------  P R O C E S S  ---------------

Threads class SMR info:
_java_thread_list=0x000001fa13d9f210, length=41, elements={
0x000001f9cdb41550, 0x000001f9cdb44280, 0x000001f9cdb45e50, 0x000001f9cdb468b0,
0x000001f9cdb47310, 0x000001f9cdb47d70, 0x000001f9cdb487d0, 0x000001f9cdc6ee40,
0x000001f9cdc72a90, 0x000001fa1517c250, 0x000001fa1517c8c0, 0x000001fa14da8d30,
0x000001fa13c6e010, 0x000001fa1533c9c0, 0x000001fa15af4d80, 0x000001fa15af5410,
0x000001fa15af74e0, 0x000001fa15af6e50, 0x000001fa15af4060, 0x000001fa15af5aa0,
0x000001fa15af6130, 0x000001fa15e92180, 0x000001fa15e900b0, 0x000001fa15e91af0,
0x000001fa15e969b0, 0x000001fa15e92810, 0x000001fa15e92ea0, 0x000001fa15e94f70,
0x000001fa15e97040, 0x000001fa15e95600, 0x000001fa15e948e0, 0x000001fa15e976d0,
0x000001fa15e90740, 0x000001fa15e95c90, 0x000001fa15e90dd0, 0x000001fa15e96320,
0x000001fa15e91460, 0x000001fa155dedc0, 0x000001fa155db2b0, 0x000001fa155db940,
0x000001fa15668ad0
}

Java Threads: ( => current thread )
  0x000001f9cdb41550 JavaThread "Reference Handler"          daemon [_thread_blocked, id=30892, stack(0x00000032f8300000,0x00000032f8400000) (1024K)]
  0x000001f9cdb44280 JavaThread "Finalizer"                  daemon [_thread_blocked, id=40412, stack(0x00000032f8400000,0x00000032f8500000) (1024K)]
  0x000001f9cdb45e50 JavaThread "Signal Dispatcher"          daemon [_thread_blocked, id=24952, stack(0x00000032f8500000,0x00000032f8600000) (1024K)]
  0x000001f9cdb468b0 JavaThread "Attach Listener"            daemon [_thread_blocked, id=29604, stack(0x00000032f8600000,0x00000032f8700000) (1024K)]
  0x000001f9cdb47310 JavaThread "Service Thread"             daemon [_thread_blocked, id=40148, stack(0x00000032f8700000,0x00000032f8800000) (1024K)]
  0x000001f9cdb47d70 JavaThread "Monitor Deflation Thread"   daemon [_thread_blocked, id=11636, stack(0x00000032f8800000,0x00000032f8900000) (1024K)]
  0x000001f9cdb487d0 JavaThread "C1 CompilerThread0"         daemon [_thread_blocked, id=38108, stack(0x00000032f8900000,0x00000032f8a00000) (1024K)]
  0x000001f9cdc6ee40 JavaThread "Notification Thread"        daemon [_thread_blocked, id=25824, stack(0x00000032f8a00000,0x00000032f8b00000) (1024K)]
  0x000001f9cdc72a90 JavaThread "Common-Cleaner"             daemon [_thread_blocked, id=31576, stack(0x00000032f8b00000,0x00000032f8c00000) (1024K)]
  0x000001fa1517c250 JavaThread "Catalina-utility-1"                [_thread_blocked, id=33252, stack(0x00000032f9200000,0x00000032f9300000) (1024K)]
  0x000001fa1517c8c0 JavaThread "Catalina-utility-2"                [_thread_blocked, id=6616, stack(0x00000032f9300000,0x00000032f9400000) (1024K)]
  0x000001fa14da8d30 JavaThread "container-0"                       [_thread_blocked, id=40908, stack(0x00000032f9400000,0x00000032f9500000) (1024K)]
  0x000001fa13c6e010 JavaThread "BufferPoolPruner-1-thread-1" daemon [_thread_blocked, id=11764, stack(0x00000032f9500000,0x00000032f9600000) (1024K)]
  0x000001fa1533c9c0 JavaThread "cluster-ClusterId{value='6a271b0557d5fc6b23d68d8e', description='null'}-localhost:27017" daemon [_thread_in_native, id=3776, stack(0x00000032f9600000,0x00000032f9700000) (1024K)]
  0x000001fa15af4d80 JavaThread "File Watcher"               daemon [_thread_blocked, id=27164, stack(0x00000032f9800000,0x00000032f9900000) (1024K)]
  0x000001fa15af5410 JavaThread "spectator-gauge-polling-0"  daemon [_thread_blocked, id=40668, stack(0x00000032f9b00000,0x00000032f9c00000) (1024K)]
  0x000001fa15af74e0 JavaThread "AsyncResolver-bootstrap-%d" daemon [_thread_blocked, id=32892, stack(0x00000032f9c00000,0x00000032f9d00000) (1024K)]
  0x000001fa15af6e50 JavaThread "DiscoveryClient-%d"         daemon [_thread_blocked, id=12800, stack(0x00000032f7800000,0x00000032f7900000) (1024K)]
  0x000001fa15af4060 JavaThread "DiscoveryClient-%d"         daemon [_thread_blocked, id=34656, stack(0x00000032f9e00000,0x00000032f9f00000) (1024K)]
  0x000001fa15af5aa0 JavaThread "DiscoveryClient-InstanceInfoReplicator-%d" daemon [_thread_blocked, id=28780, stack(0x00000032f9f00000,0x00000032fa000000) (1024K)]
  0x000001fa15af6130 JavaThread "http-nio-8081-exec-1"       daemon [_thread_blocked, id=37184, stack(0x00000032fa000000,0x00000032fa100000) (1024K)]
  0x000001fa15e92180 JavaThread "http-nio-8081-exec-2"       daemon [_thread_blocked, id=37148, stack(0x00000032fa100000,0x00000032fa200000) (1024K)]
  0x000001fa15e900b0 JavaThread "http-nio-8081-exec-3"       daemon [_thread_blocked, id=27892, stack(0x00000032fa200000,0x00000032fa300000) (1024K)]
  0x000001fa15e91af0 JavaThread "http-nio-8081-exec-4"       daemon [_thread_blocked, id=35420, stack(0x00000032fa300000,0x00000032fa400000) (1024K)]
  0x000001fa15e969b0 JavaThread "http-nio-8081-exec-5"       daemon [_thread_blocked, id=11464, stack(0x00000032fa400000,0x00000032fa500000) (1024K)]
  0x000001fa15e92810 JavaThread "http-nio-8081-exec-6"       daemon [_thread_blocked, id=28384, stack(0x00000032fa500000,0x00000032fa600000) (1024K)]
  0x000001fa15e92ea0 JavaThread "http-nio-8081-exec-7"       daemon [_thread_blocked, id=3156, stack(0x00000032fa600000,0x00000032fa700000) (1024K)]
  0x000001fa15e94f70 JavaThread "http-nio-8081-exec-8"       daemon [_thread_blocked, id=28160, stack(0x00000032fa700000,0x00000032fa800000) (1024K)]
  0x000001fa15e97040 JavaThread "http-nio-8081-exec-9"       daemon [_thread_blocked, id=27836, stack(0x00000032fa800000,0x00000032fa900000) (1024K)]
  0x000001fa15e95600 JavaThread "http-nio-8081-exec-10"      daemon [_thread_blocked, id=2700, stack(0x00000032fa900000,0x00000032faa00000) (1024K)]
  0x000001fa15e948e0 JavaThread "http-nio-8081-Poller"       daemon [_thread_blocked, id=37764, stack(0x00000032faa00000,0x00000032fab00000) (1024K)]
  0x000001fa15e976d0 JavaThread "http-nio-8081-Acceptor"     daemon [_thread_in_native, id=36200, stack(0x00000032fab00000,0x00000032fac00000) (1024K)]
  0x000001fa15e90740 JavaThread "DestroyJavaVM"                     [_thread_blocked, id=29364, stack(0x00000032f7b00000,0x00000032f7c00000) (1024K)]
  0x000001fa15e95c90 JavaThread "cluster-rtt-ClusterId{value='6a271b0557d5fc6b23d68d8e', description='null'}-localhost:27017" daemon [_thread_in_native, id=26632, stack(0x00000032f9000000,0x00000032f9100000) (1024K)]
  0x000001fa15e90dd0 JavaThread "MaintenanceTimer-2-thread-1" daemon [_thread_blocked, id=19112, stack(0x00000032f9100000,0x00000032f9200000) (1024K)]
  0x000001fa15e96320 JavaThread "DiscoveryClient-CacheRefreshExecutor-%d" daemon [_thread_blocked, id=14988, stack(0x00000032f7900000,0x00000032f7a00000) (1024K)]
  0x000001fa15e91460 JavaThread "DiscoveryClient-HeartbeatExecutor-%d" daemon [_thread_blocked, id=24348, stack(0x00000032f7a00000,0x00000032f7b00000) (1024K)]
  0x000001fa155dedc0 JavaThread "AsyncResolver-bootstrap-executor-%d" daemon [_thread_blocked, id=38688, stack(0x00000032f9900000,0x00000032f9a00000) (1024K)]
  0x000001fa155db2b0 JavaThread "boundedElastic-evictor-1"   daemon [_thread_blocked, id=42908, stack(0x00000032f9d00000,0x00000032f9e00000) (1024K)]
  0x000001fa155db940 JavaThread "pool-4-thread-1"            daemon [_thread_blocked, id=11728, stack(0x00000032fac00000,0x00000032fad00000) (1024K)]
  0x000001fa15668ad0 JavaThread "C1 CompilerThread1"         daemon [_thread_blocked, id=7432, stack(0x00000032f8c00000,0x00000032f8d00000) (1024K)]
Total: 41

Other Threads:
=>0x000001f9cdb23040 VMThread "VM Thread"                           [id=24316, stack(0x00000032f8200000,0x00000032f8300000) (1024K)]
  0x000001f9cdb12190 WatcherThread "VM Periodic Task Thread"        [id=14160, stack(0x00000032f8100000,0x00000032f8200000) (1024K)]
  0x000001f9bdaa4a60 WorkerThread "GC Thread#0"                     [id=33668, stack(0x00000032f7c00000,0x00000032f7d00000) (1024K)]
  0x000001fa133229b0 WorkerThread "GC Thread#1"                     [id=38260, stack(0x00000032f8d00000,0x00000032f8e00000) (1024K)]
  0x000001fa13322d60 WorkerThread "GC Thread#2"                     [id=38960, stack(0x00000032f8e00000,0x00000032f8f00000) (1024K)]
  0x000001fa1338f5b0 WorkerThread "GC Thread#3"                     [id=16872, stack(0x00000032f8f00000,0x00000032f9000000) (1024K)]
  0x000001f9bdab6560 ConcurrentGCThread "G1 Main Marker"            [id=25624, stack(0x00000032f7d00000,0x00000032f7e00000) (1024K)]
  0x000001f9bdab7220 WorkerThread "G1 Conc#0"                       [id=41196, stack(0x00000032f7e00000,0x00000032f7f00000) (1024K)]
  0x000001f9cd9e0150 ConcurrentGCThread "G1 Refine#0"               [id=9592, stack(0x00000032f7f00000,0x00000032f8000000) (1024K)]
  0x000001f9cd9e0f40 ConcurrentGCThread "G1 Service"                [id=40648, stack(0x00000032f8000000,0x00000032f8100000) (1024K)]
Total: 10

Threads with active compile tasks:
Total: 0

VM state: at safepoint (normal execution)

VM Mutex/Monitor currently owned by a thread:  ([mutex/lock_event])
[0x00007ff89423e560] Threads_lock - owner thread: 0x000001f9cdb23040
[0x00007ff89423e660] Heap_lock - owner thread: 0x000001fa15e92ea0

Heap address: 0x0000000082800000, size: 2008 MB, Compressed Oops mode: 32-bit

CDS archive(s) mapped at: [0x000001f9ce000000-0x000001f9cec80000-0x000001f9cec80000), size 13107200, SharedBaseAddress: 0x000001f9ce000000, ArchiveRelocationMode: 1.
Compressed class space mapped at: 0x000001f9cf000000-0x000001fa0f000000, reserved size: 1073741824
Narrow klass base: 0x000001f9ce000000, Narrow klass shift: 0, Narrow klass range: 0x100000000

GC Precious Log:
 CardTable entry size: 512
 Card Set container configuration: InlinePtr #cards 5 size 8 Array Of Cards #cards 12 size 40 Howl #buckets 4 coarsen threshold 1843 Howl Bitmap #cards 512 size 80 coarsen threshold 460 Card regions per heap region 1 cards per card region 2048
 CPUs: 4 total, 4 available
 Memory: 8030M
 Large Page Support: Disabled
 NUMA Support: Disabled
 Compressed Oops: Enabled (32-bit)
 Heap Region Size: 1M
 Heap Min Capacity: 8M
 Heap Initial Capacity: 126M
 Heap Max Capacity: 2008M
 Pre-touch: Disabled
 Parallel Workers: 4
 Concurrent Workers: 1
 Concurrent Refinement Workers: 4
 Periodic GC: Disabled

Heap:
 garbage-first heap   total 101376K, used 42433K [0x0000000082800000, 0x0000000100000000)
  region size 1024K, 1 young (1024K), 1 survivors (1024K)
 Metaspace       used 70416K, committed 71232K, reserved 1114112K
  class space    used 10285K, committed 10624K, reserved 1048576K

Heap Regions: E=young(eden), S=young(survivor), O=old, HS=humongous(starts), HC=humongous(continues), CS=collection set, F=free, TAMS=top-at-mark-start, PB=parsable bottom
|   0|0x0000000082800000, 0x0000000082900000, 0x0000000082900000|100%|HS|  |TAMS 0x0000000082900000| PB 0x0000000082800000| Complete 
|   1|0x0000000082900000, 0x0000000082a00000, 0x0000000082a00000|100%| O|  |TAMS 0x0000000082a00000| PB 0x0000000082900000| Untracked 
|   2|0x0000000082a00000, 0x0000000082b00000, 0x0000000082b00000|100%| O|  |TAMS 0x0000000082b00000| PB 0x0000000082a00000| Untracked 
|   3|0x0000000082b00000, 0x0000000082c00000, 0x0000000082c00000|100%| O|  |TAMS 0x0000000082c00000| PB 0x0000000082b00000| Untracked 
|   4|0x0000000082c00000, 0x0000000082d00000, 0x0000000082d00000|100%| O|  |TAMS 0x0000000082d00000| PB 0x0000000082c00000| Untracked 
|   5|0x0000000082d00000, 0x0000000082e00000, 0x0000000082e00000|100%| O|  |TAMS 0x0000000082e00000| PB 0x0000000082d00000| Untracked 
|   6|0x0000000082e00000, 0x0000000082f00000, 0x0000000082f00000|100%| O|  |TAMS 0x0000000082f00000| PB 0x0000000082e00000| Untracked 
|   7|0x0000000082f00000, 0x0000000083000000, 0x0000000083000000|100%| O|  |TAMS 0x0000000083000000| PB 0x0000000082f00000| Untracked 
|   8|0x0000000083000000, 0x0000000083100000, 0x0000000083100000|100%| O|  |TAMS 0x0000000083100000| PB 0x0000000083000000| Untracked 
|   9|0x0000000083100000, 0x0000000083200000, 0x0000000083200000|100%| O|  |TAMS 0x0000000083200000| PB 0x0000000083100000| Untracked 
|  10|0x0000000083200000, 0x0000000083300000, 0x0000000083300000|100%| O|  |TAMS 0x0000000083300000| PB 0x0000000083200000| Untracked 
|  11|0x0000000083300000, 0x0000000083400000, 0x0000000083400000|100%| O|  |TAMS 0x0000000083400000| PB 0x0000000083300000| Untracked 
|  12|0x0000000083400000, 0x0000000083500000, 0x0000000083500000|100%| O|  |TAMS 0x0000000083500000| PB 0x0000000083400000| Untracked 
|  13|0x0000000083500000, 0x0000000083600000, 0x0000000083600000|100%| O|  |TAMS 0x0000000083600000| PB 0x0000000083500000| Untracked 
|  14|0x0000000083600000, 0x0000000083700000, 0x0000000083700000|100%| O|  |TAMS 0x0000000083700000| PB 0x0000000083600000| Untracked 
|  15|0x0000000083700000, 0x000000008371a618, 0x0000000083800000| 10%| O|  |TAMS 0x0000000083700000| PB 0x0000000083700000| Untracked 
|  16|0x0000000083800000, 0x0000000083900000, 0x0000000083900000|100%| O|  |TAMS 0x0000000083862c40| PB 0x0000000083800000| Untracked 
|  17|0x0000000083900000, 0x0000000083a00000, 0x0000000083a00000|100%| O|  |TAMS 0x0000000083a00000| PB 0x0000000083900000| Untracked 
|  18|0x0000000083a00000, 0x0000000083b00000, 0x0000000083b00000|100%| O|  |TAMS 0x0000000083b00000| PB 0x0000000083a00000| Untracked 
|  19|0x0000000083b00000, 0x0000000083c00000, 0x0000000083c00000|100%| O|  |TAMS 0x0000000083c00000| PB 0x0000000083b00000| Untracked 
|  20|0x0000000083c00000, 0x0000000083d00000, 0x0000000083d00000|100%| O|  |TAMS 0x0000000083d00000| PB 0x0000000083c00000| Untracked 
|  21|0x0000000083d00000, 0x0000000083e00000, 0x0000000083e00000|100%| O|  |TAMS 0x0000000083e00000| PB 0x0000000083d00000| Untracked 
|  22|0x0000000083e00000, 0x0000000083f00000, 0x0000000083f00000|100%| O|  |TAMS 0x0000000083f00000| PB 0x0000000083e00000| Untracked 
|  23|0x0000000083f00000, 0x0000000084000000, 0x0000000084000000|100%| O|  |TAMS 0x0000000084000000| PB 0x0000000083f00000| Untracked 
|  24|0x0000000084000000, 0x0000000084100000, 0x0000000084100000|100%| O|  |TAMS 0x0000000084100000| PB 0x0000000084000000| Untracked 
|  25|0x0000000084100000, 0x0000000084200000, 0x0000000084200000|100%| O|  |TAMS 0x0000000084200000| PB 0x0000000084100000| Untracked 
|  26|0x0000000084200000, 0x0000000084300000, 0x0000000084300000|100%| O|  |TAMS 0x0000000084300000| PB 0x0000000084200000| Untracked 
|  27|0x0000000084300000, 0x0000000084400000, 0x0000000084400000|100%| O|  |TAMS 0x0000000084400000| PB 0x0000000084300000| Untracked 
|  28|0x0000000084400000, 0x0000000084500000, 0x0000000084500000|100%| O|  |TAMS 0x0000000084500000| PB 0x0000000084400000| Untracked 
|  29|0x0000000084500000, 0x0000000084600000, 0x0000000084600000|100%| O|  |TAMS 0x0000000084600000| PB 0x0000000084500000| Untracked 
|  30|0x0000000084600000, 0x0000000084600000, 0x0000000084700000|  0%| F|  |TAMS 0x0000000084600000| PB 0x0000000084600000| Untracked 
|  31|0x0000000084700000, 0x0000000084800000, 0x0000000084800000|100%| O|  |TAMS 0x0000000084800000| PB 0x0000000084700000| Untracked 
|  32|0x0000000084800000, 0x0000000084900000, 0x0000000084900000|100%| O|  |TAMS 0x0000000084900000| PB 0x0000000084800000| Untracked 
|  33|0x0000000084900000, 0x0000000084a00000, 0x0000000084a00000|100%| O|  |TAMS 0x0000000084a00000| PB 0x0000000084900000| Untracked 
|  34|0x0000000084a00000, 0x0000000084b00000, 0x0000000084b00000|100%| O|  |TAMS 0x0000000084b00000| PB 0x0000000084a00000| Untracked 
|  35|0x0000000084b00000, 0x0000000084c00000, 0x0000000084c00000|100%| O|  |TAMS 0x0000000084c00000| PB 0x0000000084b00000| Untracked 
|  36|0x0000000084c00000, 0x0000000084d00000, 0x0000000084d00000|100%| O|  |TAMS 0x0000000084d00000| PB 0x0000000084c00000| Untracked 
|  37|0x0000000084d00000, 0x0000000084e00000, 0x0000000084e00000|100%| O|  |TAMS 0x0000000084e00000| PB 0x0000000084d00000| Untracked 
|  38|0x0000000084e00000, 0x0000000084e00000, 0x0000000084f00000|  0%| F|  |TAMS 0x0000000084e00000| PB 0x0000000084e00000| Untracked 
|  39|0x0000000084f00000, 0x0000000084f00000, 0x0000000085000000|  0%| F|  |TAMS 0x0000000084f00000| PB 0x0000000084f00000| Untracked 
|  40|0x0000000085000000, 0x0000000085100000, 0x0000000085100000|100%| O|  |TAMS 0x0000000085100000| PB 0x0000000085000000| Untracked 
|  41|0x0000000085100000, 0x0000000085100000, 0x0000000085200000|  0%| F|  |TAMS 0x0000000085100000| PB 0x0000000085100000| Untracked 
|  42|0x0000000085200000, 0x0000000085200000, 0x0000000085300000|  0%| F|  |TAMS 0x0000000085200000| PB 0x0000000085200000| Untracked 
|  43|0x0000000085300000, 0x0000000085400000, 0x0000000085400000|100%| O|  |TAMS 0x0000000085400000| PB 0x0000000085300000| Untracked 
|  44|0x0000000085400000, 0x0000000085500000, 0x0000000085500000|100%| O|  |TAMS 0x0000000085500000| PB 0x0000000085400000| Untracked 
|  45|0x0000000085500000, 0x0000000085500000, 0x0000000085600000|  0%| F|  |TAMS 0x0000000085500000| PB 0x0000000085500000| Untracked 
|  46|0x0000000085600000, 0x0000000085700000, 0x0000000085700000|100%| O|  |TAMS 0x0000000085700000| PB 0x0000000085600000| Untracked 
|  47|0x0000000085700000, 0x0000000085700000, 0x0000000085800000|  0%| F|  |TAMS 0x0000000085700000| PB 0x0000000085700000| Untracked 
|  48|0x0000000085800000, 0x0000000085800000, 0x0000000085900000|  0%| F|  |TAMS 0x0000000085800000| PB 0x0000000085800000| Untracked 
|  49|0x0000000085900000, 0x0000000085900000, 0x0000000085a00000|  0%| F|  |TAMS 0x0000000085900000| PB 0x0000000085900000| Untracked 
|  50|0x0000000085a00000, 0x0000000085a00000, 0x0000000085b00000|  0%| F|  |TAMS 0x0000000085a00000| PB 0x0000000085a00000| Untracked 
|  51|0x0000000085b00000, 0x0000000085b00000, 0x0000000085c00000|  0%| F|  |TAMS 0x0000000085b00000| PB 0x0000000085b00000| Untracked 
|  52|0x0000000085c00000, 0x0000000085c00000, 0x0000000085d00000|  0%| F|  |TAMS 0x0000000085c00000| PB 0x0000000085c00000| Untracked 
|  53|0x0000000085d00000, 0x0000000085d00000, 0x0000000085e00000|  0%| F|  |TAMS 0x0000000085d00000| PB 0x0000000085d00000| Untracked 
|  54|0x0000000085e00000, 0x0000000085e00000, 0x0000000085f00000|  0%| F|  |TAMS 0x0000000085e00000| PB 0x0000000085e00000| Untracked 
|  55|0x0000000085f00000, 0x0000000085f00000, 0x0000000086000000|  0%| F|  |TAMS 0x0000000085f00000| PB 0x0000000085f00000| Untracked 
|  56|0x0000000086000000, 0x0000000086000000, 0x0000000086100000|  0%| F|  |TAMS 0x0000000086000000| PB 0x0000000086000000| Untracked 
|  57|0x0000000086100000, 0x0000000086100000, 0x0000000086200000|  0%| F|  |TAMS 0x0000000086100000| PB 0x0000000086100000| Untracked 
|  58|0x0000000086200000, 0x0000000086200000, 0x0000000086300000|  0%| F|  |TAMS 0x0000000086200000| PB 0x0000000086200000| Untracked 
|  59|0x0000000086300000, 0x0000000086300000, 0x0000000086400000|  0%| F|  |TAMS 0x0000000086300000| PB 0x0000000086300000| Untracked 
|  60|0x0000000086400000, 0x0000000086400000, 0x0000000086500000|  0%| F|  |TAMS 0x0000000086400000| PB 0x0000000086400000| Untracked 
|  61|0x0000000086500000, 0x0000000086500000, 0x0000000086600000|  0%| F|  |TAMS 0x0000000086500000| PB 0x0000000086500000| Untracked 
|  62|0x0000000086600000, 0x0000000086600000, 0x0000000086700000|  0%| F|  |TAMS 0x0000000086600000| PB 0x0000000086600000| Untracked 
|  63|0x0000000086700000, 0x0000000086700000, 0x0000000086800000|  0%| F|  |TAMS 0x0000000086700000| PB 0x0000000086700000| Untracked 
|  64|0x0000000086800000, 0x0000000086800000, 0x0000000086900000|  0%| F|  |TAMS 0x0000000086800000| PB 0x0000000086800000| Untracked 
|  65|0x0000000086900000, 0x0000000086900000, 0x0000000086a00000|  0%| F|  |TAMS 0x0000000086900000| PB 0x0000000086900000| Untracked 
|  66|0x0000000086a00000, 0x0000000086a00000, 0x0000000086b00000|  0%| F|  |TAMS 0x0000000086a00000| PB 0x0000000086a00000| Untracked 
|  67|0x0000000086b00000, 0x0000000086b00000, 0x0000000086c00000|  0%| F|  |TAMS 0x0000000086b00000| PB 0x0000000086b00000| Untracked 
|  68|0x0000000086c00000, 0x0000000086c00000, 0x0000000086d00000|  0%| F|  |TAMS 0x0000000086c00000| PB 0x0000000086c00000| Untracked 
|  69|0x0000000086d00000, 0x0000000086d00000, 0x0000000086e00000|  0%| F|  |TAMS 0x0000000086d00000| PB 0x0000000086d00000| Untracked 
|  70|0x0000000086e00000, 0x0000000086e00000, 0x0000000086f00000|  0%| F|  |TAMS 0x0000000086e00000| PB 0x0000000086e00000| Untracked 
|  71|0x0000000086f00000, 0x0000000086f00000, 0x0000000087000000|  0%| F|  |TAMS 0x0000000086f00000| PB 0x0000000086f00000| Untracked 
|  72|0x0000000087000000, 0x0000000087000000, 0x0000000087100000|  0%| F|  |TAMS 0x0000000087000000| PB 0x0000000087000000| Untracked 
|  73|0x0000000087100000, 0x0000000087100000, 0x0000000087200000|  0%| F|  |TAMS 0x0000000087100000| PB 0x0000000087100000| Untracked 
|  74|0x0000000087200000, 0x0000000087200000, 0x0000000087300000|  0%| F|  |TAMS 0x0000000087200000| PB 0x0000000087200000| Untracked 
|  75|0x0000000087300000, 0x0000000087300000, 0x0000000087400000|  0%| F|  |TAMS 0x0000000087300000| PB 0x0000000087300000| Untracked 
|  76|0x0000000087400000, 0x0000000087400000, 0x0000000087500000|  0%| F|  |TAMS 0x0000000087400000| PB 0x0000000087400000| Untracked 
|  77|0x0000000087500000, 0x0000000087500000, 0x0000000087600000|  0%| F|  |TAMS 0x0000000087500000| PB 0x0000000087500000| Untracked 
|  78|0x0000000087600000, 0x0000000087600000, 0x0000000087700000|  0%| F|  |TAMS 0x0000000087600000| PB 0x0000000087600000| Untracked 
|  79|0x0000000087700000, 0x0000000087700000, 0x0000000087800000|  0%| F|  |TAMS 0x0000000087700000| PB 0x0000000087700000| Untracked 
|  80|0x0000000087800000, 0x0000000087800000, 0x0000000087900000|  0%| F|  |TAMS 0x0000000087800000| PB 0x0000000087800000| Untracked 
|  81|0x0000000087900000, 0x0000000087900000, 0x0000000087a00000|  0%| F|  |TAMS 0x0000000087900000| PB 0x0000000087900000| Untracked 
|  83|0x0000000087b00000, 0x0000000087b00000, 0x0000000087c00000|  0%| F|  |TAMS 0x0000000087b00000| PB 0x0000000087b00000| Untracked 
|  84|0x0000000087c00000, 0x0000000087c00000, 0x0000000087d00000|  0%| F|  |TAMS 0x0000000087c00000| PB 0x0000000087c00000| Untracked 
|  85|0x0000000087d00000, 0x0000000087d00000, 0x0000000087e00000|  0%| F|  |TAMS 0x0000000087d00000| PB 0x0000000087d00000| Untracked 
|  86|0x0000000087e00000, 0x0000000087e00000, 0x0000000087f00000|  0%| F|  |TAMS 0x0000000087e00000| PB 0x0000000087e00000| Untracked 
|  87|0x0000000087f00000, 0x0000000087f00000, 0x0000000088000000|  0%| F|  |TAMS 0x0000000087f00000| PB 0x0000000087f00000| Untracked 
|  88|0x0000000088000000, 0x0000000088000000, 0x0000000088100000|  0%| F|  |TAMS 0x0000000088000000| PB 0x0000000088000000| Untracked 
|  89|0x0000000088100000, 0x0000000088100000, 0x0000000088200000|  0%| F|  |TAMS 0x0000000088100000| PB 0x0000000088100000| Untracked 
|  90|0x0000000088200000, 0x0000000088200000, 0x0000000088300000|  0%| F|  |TAMS 0x0000000088200000| PB 0x0000000088200000| Untracked 
|  91|0x0000000088300000, 0x0000000088300000, 0x0000000088400000|  0%| F|  |TAMS 0x0000000088300000| PB 0x0000000088300000| Untracked 
| 124|0x000000008a400000, 0x000000008a400000, 0x000000008a500000|  0%| F|  |TAMS 0x000000008a400000| PB 0x000000008a400000| Untracked 
| 125|0x000000008a500000, 0x000000008a500000, 0x000000008a600000|  0%| F|  |TAMS 0x000000008a500000| PB 0x000000008a500000| Untracked 
|2002|0x00000000ffa00000, 0x00000000ffa00000, 0x00000000ffb00000|  0%| F|  |TAMS 0x00000000ffa00000| PB 0x00000000ffa00000| Untracked 
|2003|0x00000000ffb00000, 0x00000000ffb55f50, 0x00000000ffc00000| 33%| S|CS|TAMS 0x00000000ffb00000| PB 0x00000000ffb00000| Complete 
|2004|0x00000000ffc00000, 0x00000000ffc00000, 0x00000000ffd00000|  0%| F|  |TAMS 0x00000000ffc00000| PB 0x00000000ffc00000| Untracked 
|2005|0x00000000ffd00000, 0x00000000ffe00000, 0x00000000ffe00000|100%| O|  |TAMS 0x00000000ffe00000| PB 0x00000000ffd00000| Untracked 
|2006|0x00000000ffe00000, 0x00000000ffe00000, 0x00000000fff00000|  0%| F|  |TAMS 0x00000000ffe00000| PB 0x00000000ffe00000| Untracked 
|2007|0x00000000fff00000, 0x00000000fff00000, 0x0000000100000000|  0%| F|  |TAMS 0x00000000fff00000| PB 0x00000000fff00000| Untracked 

Card table byte_map: [0x000001f9c9540000,0x000001f9c9930000] _byte_map_base: 0x000001f9c912c000

Marking Bits: (CMBitMap*) 0x000001f9bdaa6180
 Bits: [0x000001f9c9930000, 0x000001f9cb890000)

Polling page: 0x000001f9bb790000

Metaspace:

Usage:
  Non-class:     58.72 MB used.
      Class:     10.04 MB used.
       Both:     68.77 MB used.

Virtual space:
  Non-class space:       64.00 MB reserved,      59.19 MB ( 92%) committed,  1 nodes.
      Class space:        1.00 GB reserved,      10.38 MB (  1%) committed,  1 nodes.
             Both:        1.06 GB reserved,      69.56 MB (  6%) committed. 

Chunk freelists:
   Non-Class:  4.35 MB
       Class:  5.66 MB
        Both:  10.01 MB

MaxMetaspaceSize: unlimited
CompressedClassSpaceSize: 1.00 GB
Initial GC threshold: 21.00 MB
Current GC threshold: 115.44 MB
CDS: on
 - commit_granule_bytes: 65536.
 - commit_granule_words: 8192.
 - virtual_space_node_default_size: 8388608.
 - enlarge_chunks_in_place: 1.
 - use_allocation_guard: 0.


Internal statistics:

num_allocs_failed_limit: 6.
num_arena_births: 1930.
num_arena_deaths: 830.
num_vsnodes_births: 2.
num_vsnodes_deaths: 0.
num_space_committed: 1114.
num_space_uncommitted: 1.
num_chunks_returned_to_freelist: 1001.
num_chunks_taken_from_freelist: 5225.
num_chunk_merges: 216.
num_chunk_splits: 3042.
num_chunks_enlarged: 2132.
num_inconsistent_stats: 0.

CodeCache: size=49152Kb used=13209Kb max_used=15359Kb free=35942Kb
 bounds [0x000001f9c6150000, 0x000001f9c70d0000, 0x000001f9c9150000]
 total_blobs=7233, nmethods=6536, adapters=619, full_count=0
Compilation: enabled, stopped_count=0, restarted_count=0

Compilation events (20 events):
Event: 30726.855 Thread 0x000001f9cdb487d0 13801       1       java.security.MessageDigest$Delegate::engineUpdate (11 bytes)
Event: 30726.855 Thread 0x000001f9cdb487d0 nmethod 13801 0x000001f9c6acdc90 code [0x000001f9c6acde40, 0x000001f9c6acdf38]
Event: 30726.855 Thread 0x000001f9cdb487d0 13803       1       javax.crypto.Mac::getMacLength (12 bytes)
Event: 30726.856 Thread 0x000001fa15668ad0 13806 % !   1       com.sun.crypto.provider.PBKDF2KeyImpl::deriveKey @ 198 (302 bytes)
Event: 30726.857 Thread 0x000001f9cdb487d0 nmethod 13803 0x000001f9c6412890 code [0x000001f9c6412a80, 0x000001f9c6412d30]
Event: 30726.857 Thread 0x000001f9cdb487d0 13796       1       java.security.MessageDigest::update (45 bytes)
Event: 30726.857 Thread 0x000001f9cdb487d0 nmethod 13796 0x000001f9c65a4b90 code [0x000001f9c65a4d60, 0x000001f9c65a4fb8]
Event: 30726.857 Thread 0x000001f9cdb487d0 13802       1       com.sun.crypto.provider.HmacCore::engineReset (20 bytes)
Event: 30726.857 Thread 0x000001f9cdb487d0 nmethod 13802 0x000001f9c6fa4510 code [0x000001f9c6fa46c0, 0x000001f9c6fa47e8]
Event: 30726.857 Thread 0x000001f9cdb487d0 13804       1       com.sun.crypto.provider.HmacCore::engineGetMacLength (8 bytes)
Event: 30726.858 Thread 0x000001f9cdb487d0 nmethod 13804 0x000001f9c6412210 code [0x000001f9c64123e0, 0x000001f9c6412648]
Event: 30726.858 Thread 0x000001f9cdb487d0 13797   !   1       java.security.MessageDigest::getDigestLength (30 bytes)
Event: 30726.859 Thread 0x000001f9cdb487d0 nmethod 13797 0x000001f9c6411c10 code [0x000001f9c6411de0, 0x000001f9c6412038]
Event: 30726.859 Thread 0x000001f9cdb487d0 13805       1       sun.security.provider.DigestBase::engineGetDigestLength (5 bytes)
Event: 30726.859 Thread 0x000001f9cdb487d0 nmethod 13805 0x000001f9c6ba6c10 code [0x000001f9c6ba6da0, 0x000001f9c6ba6e68]
Event: 30726.859 Thread 0x000001f9cdb487d0 13798       1       java.security.MessageDigest$Delegate::engineGetDigestLength (8 bytes)
Event: 30726.859 Thread 0x000001f9cdb487d0 nmethod 13798 0x000001f9c6b06490 code [0x000001f9c6b06640, 0x000001f9c6b06738]
Event: 30726.861 Thread 0x000001fa15668ad0 nmethod 13806% 0x000001f9c640fd10 code [0x000001f9c640ffa0, 0x000001f9c6410ff8]
Event: 30726.861 Thread 0x000001fa15668ad0 13807   !   1       com.sun.crypto.provider.PBKDF2KeyImpl::deriveKey (302 bytes)
Event: 30726.912 Thread 0x000001fa15668ad0 nmethod 13807 0x000001f9c640e890 code [0x000001f9c640eb00, 0x000001f9c640f530]

GC Heap History (20 events):
Event: 11793.593 GC heap after
{Heap after GC invocations=86 (full 0):
 garbage-first heap   total 101376K, used 42519K [0x0000000082800000, 0x0000000100000000)
  region size 1024K, 1 young (1024K), 1 survivors (1024K)
 Metaspace       used 70174K, committed 71040K, reserved 1114112K
  class space    used 10203K, committed 10560K, reserved 1048576K
}
Event: 11823.809 GC heap before
{Heap before GC invocations=86 (full 0):
 garbage-first heap   total 101376K, used 45591K [0x0000000082800000, 0x0000000100000000)
  region size 1024K, 4 young (4096K), 1 survivors (1024K)
 Metaspace       used 70174K, committed 71040K, reserved 1114112K
  class space    used 10203K, committed 10560K, reserved 1048576K
}
Event: 11823.817 GC heap after
{Heap after GC invocations=87 (full 0):
 garbage-first heap   total 101376K, used 41944K [0x0000000082800000, 0x0000000100000000)
  region size 1024K, 1 young (1024K), 1 survivors (1024K)
 Metaspace       used 70174K, committed 71040K, reserved 1114112K
  class space    used 10203K, committed 10560K, reserved 1048576K
}
Event: 11854.533 GC heap before
{Heap before GC invocations=87 (full 0):
 garbage-first heap   total 101376K, used 45016K [0x0000000082800000, 0x0000000100000000)
  region size 1024K, 4 young (4096K), 1 survivors (1024K)
 Metaspace       used 70174K, committed 71040K, reserved 1114112K
  class space    used 10203K, committed 10560K, reserved 1048576K
}
Event: 11854.546 GC heap after
{Heap after GC invocations=88 (full 0):
 garbage-first heap   total 101376K, used 41820K [0x0000000082800000, 0x0000000100000000)
  region size 1024K, 1 young (1024K), 1 survivors (1024K)
 Metaspace       used 70174K, committed 71040K, reserved 1114112K
  class space    used 10203K, committed 10560K, reserved 1048576K
}
Event: 12372.883 GC heap before
{Heap before GC invocations=88 (full 0):
 garbage-first heap   total 101376K, used 94044K [0x0000000082800000, 0x0000000100000000)
  region size 1024K, 52 young (53248K), 1 survivors (1024K)
 Metaspace       used 70174K, committed 71040K, reserved 1114112K
  class space    used 10203K, committed 10560K, reserved 1048576K
}
Event: 12374.825 GC heap after
{Heap after GC invocations=89 (full 0):
 garbage-first heap   total 101376K, used 41802K [0x0000000082800000, 0x0000000100000000)
  region size 1024K, 1 young (1024K), 1 survivors (1024K)
 Metaspace       used 70174K, committed 71040K, reserved 1114112K
  class space    used 10203K, committed 10560K, reserved 1048576K
}
Event: 30615.453 GC heap before
{Heap before GC invocations=90 (full 0):
 garbage-first heap   total 101376K, used 44874K [0x0000000082800000, 0x0000000100000000)
  region size 1024K, 4 young (4096K), 1 survivors (1024K)
 Metaspace       used 70174K, committed 71040K, reserved 1114112K
  class space    used 10203K, committed 10560K, reserved 1048576K
}
Event: 30616.714 GC heap after
{Heap after GC invocations=91 (full 0):
 garbage-first heap   total 101376K, used 41798K [0x0000000082800000, 0x0000000100000000)
  region size 1024K, 1 young (1024K), 1 survivors (1024K)
 Metaspace       used 70174K, committed 71040K, reserved 1114112K
  class space    used 10203K, committed 10560K, reserved 1048576K
}
Event: 30635.984 GC heap before
{Heap before GC invocations=91 (full 0):
 garbage-first heap   total 101376K, used 44870K [0x0000000082800000, 0x0000000100000000)
  region size 1024K, 4 young (4096K), 1 survivors (1024K)
 Metaspace       used 70189K, committed 71040K, reserved 1114112K
  class space    used 10208K, committed 10560K, reserved 1048576K
}
Event: 30636.623 GC heap after
{Heap after GC invocations=92 (full 0):
 garbage-first heap   total 101376K, used 41617K [0x0000000082800000, 0x0000000100000000)
  region size 1024K, 1 young (1024K), 1 survivors (1024K)
 Metaspace       used 70189K, committed 71040K, reserved 1114112K
  class space    used 10208K, committed 10560K, reserved 1048576K
}
Event: 30668.728 GC heap before
{Heap before GC invocations=92 (full 0):
 garbage-first heap   total 101376K, used 44689K [0x0000000082800000, 0x0000000100000000)
  region size 1024K, 4 young (4096K), 1 survivors (1024K)
 Metaspace       used 70204K, committed 71040K, reserved 1114112K
  class space    used 10213K, committed 10560K, reserved 1048576K
}
Event: 30669.574 GC heap after
{Heap after GC invocations=93 (full 0):
 garbage-first heap   total 101376K, used 41737K [0x0000000082800000, 0x0000000100000000)
  region size 1024K, 1 young (1024K), 1 survivors (1024K)
 Metaspace       used 70204K, committed 71040K, reserved 1114112K
  class space    used 10213K, committed 10560K, reserved 1048576K
}
Event: 30684.291 GC heap before
{Heap before GC invocations=94 (full 0):
 garbage-first heap   total 101376K, used 44809K [0x0000000082800000, 0x0000000100000000)
  region size 1024K, 4 young (4096K), 1 survivors (1024K)
 Metaspace       used 70257K, committed 71040K, reserved 1114112K
  class space    used 10242K, committed 10560K, reserved 1048576K
}
Event: 30684.404 GC heap after
{Heap after GC invocations=95 (full 0):
 garbage-first heap   total 101376K, used 42044K [0x0000000082800000, 0x0000000100000000)
  region size 1024K, 1 young (1024K), 1 survivors (1024K)
 Metaspace       used 70257K, committed 71040K, reserved 1114112K
  class space    used 10242K, committed 10560K, reserved 1048576K
}
Event: 30703.226 GC heap before
{Heap before GC invocations=95 (full 0):
 garbage-first heap   total 101376K, used 45116K [0x0000000082800000, 0x0000000100000000)
  region size 1024K, 4 young (4096K), 1 survivors (1024K)
 Metaspace       used 70289K, committed 71040K, reserved 1114112K
  class space    used 10257K, committed 10560K, reserved 1048576K
}
Event: 30703.710 GC heap after
{Heap after GC invocations=96 (full 0):
 garbage-first heap   total 101376K, used 42106K [0x0000000082800000, 0x0000000100000000)
  region size 1024K, 1 young (1024K), 1 survivors (1024K)
 Metaspace       used 70289K, committed 71040K, reserved 1114112K
  class space    used 10257K, committed 10560K, reserved 1048576K
}
Event: 30720.069 GC heap before
{Heap before GC invocations=96 (full 0):
 garbage-first heap   total 101376K, used 44154K [0x0000000082800000, 0x0000000100000000)
  region size 1024K, 4 young (4096K), 1 survivors (1024K)
 Metaspace       used 70349K, committed 71104K, reserved 1114112K
  class space    used 10267K, committed 10560K, reserved 1048576K
}
Event: 30720.367 GC heap after
{Heap after GC invocations=97 (full 0):
 garbage-first heap   total 101376K, used 42376K [0x0000000082800000, 0x0000000100000000)
  region size 1024K, 1 young (1024K), 1 survivors (1024K)
 Metaspace       used 70349K, committed 71104K, reserved 1114112K
  class space    used 10267K, committed 10560K, reserved 1048576K
}
Event: 30726.951 GC heap before
{Heap before GC invocations=97 (full 0):
 garbage-first heap   total 101376K, used 44424K [0x0000000082800000, 0x0000000100000000)
  region size 1024K, 4 young (4096K), 1 survivors (1024K)
 Metaspace       used 70416K, committed 71232K, reserved 1114112K
  class space    used 10285K, committed 10624K, reserved 1048576K
}

Dll operation events (10 events):
Event: 0.068 Loaded shared library C:\Program Files\Eclipse Adoptium\jdk-21.0.10.7-hotspot\bin\java.dll
Event: 0.801 Loaded shared library C:\Program Files\Eclipse Adoptium\jdk-21.0.10.7-hotspot\bin\net.dll
Event: 0.820 Loaded shared library C:\Program Files\Eclipse Adoptium\jdk-21.0.10.7-hotspot\bin\nio.dll
Event: 0.830 Loaded shared library C:\Program Files\Eclipse Adoptium\jdk-21.0.10.7-hotspot\bin\zip.dll
Event: 4.362 Loaded shared library C:\Program Files\Eclipse Adoptium\jdk-21.0.10.7-hotspot\bin\jimage.dll
Event: 8.610 Loaded shared library C:\Program Files\Eclipse Adoptium\jdk-21.0.10.7-hotspot\bin\management.dll
Event: 8.616 Loaded shared library C:\Program Files\Eclipse Adoptium\jdk-21.0.10.7-hotspot\bin\management_ext.dll
Event: 18.602 Loaded shared library C:\Program Files\Eclipse Adoptium\jdk-21.0.10.7-hotspot\bin\sunmscapi.dll
Event: 42.806 Loaded shared library C:\Program Files\Eclipse Adoptium\jdk-21.0.10.7-hotspot\bin\extnet.dll
Event: 59.701 Loaded shared library C:\Program Files\Eclipse Adoptium\jdk-21.0.10.7-hotspot\bin\verify.dll

Deoptimization events (20 events):
Event: 3372.754 Thread 0x000001fa15af6e50 DEOPT PACKING pc=0x000001f9c6cc127c sp=0x00000032f78ff220
Event: 3372.754 Thread 0x000001fa15af6e50 DEOPT UNPACKING pc=0x000001f9c61a4bc2 sp=0x00000032f78fe720 mode 0
Event: 3372.754 Thread 0x000001fa15e96320 DEOPT PACKING pc=0x000001f9c6cc127c sp=0x00000032f79fee60
Event: 3372.754 Thread 0x000001fa15e91460 DEOPT PACKING pc=0x000001f9c6cc127c sp=0x00000032f7afee50
Event: 3372.756 Thread 0x000001fa15e96320 DEOPT UNPACKING pc=0x000001f9c61a4bc2 sp=0x00000032f79fe360 mode 0
Event: 3372.756 Thread 0x000001fa15e91460 DEOPT UNPACKING pc=0x000001f9c61a4bc2 sp=0x00000032f7afe350 mode 0
Event: 3374.714 Thread 0x000001fa1517c8c0 DEOPT PACKING pc=0x000001f9c6cc127c sp=0x00000032f93ff080
Event: 3374.714 Thread 0x000001fa1517c8c0 DEOPT UNPACKING pc=0x000001f9c61a4bc2 sp=0x00000032f93fe580 mode 0
Event: 3394.653 Thread 0x000001fa15af5aa0 DEOPT PACKING pc=0x000001f9c6cc127c sp=0x00000032f9fff0c0
Event: 3394.653 Thread 0x000001fa15af5aa0 DEOPT UNPACKING pc=0x000001f9c61a4bc2 sp=0x00000032f9ffe5c0 mode 0
Event: 3402.294 Thread 0x000001fa13c6e010 DEOPT PACKING pc=0x000001f9c6cc127c sp=0x00000032f95ff500
Event: 3402.294 Thread 0x000001fa13c6e010 DEOPT UNPACKING pc=0x000001f9c61a4bc2 sp=0x00000032f95fea00 mode 0
Event: 3427.063 Thread 0x000001fa15e90dd0 DEOPT PACKING pc=0x000001f9c6cc127c sp=0x00000032f91ff490
Event: 3427.063 Thread 0x000001fa15e90dd0 DEOPT UNPACKING pc=0x000001f9c61a4bc2 sp=0x00000032f91fe990 mode 0
Event: 3659.163 Thread 0x000001fa15af74e0 DEOPT PACKING pc=0x000001f9c6cc127c sp=0x00000032f9cfeec0
Event: 3659.166 Thread 0x000001fa15af74e0 DEOPT UNPACKING pc=0x000001f9c61a4bc2 sp=0x00000032f9cfe3c0 mode 0
Event: 3659.169 Thread 0x000001fa155dedc0 DEOPT PACKING pc=0x000001f9c6cc127c sp=0x00000032f99fef20
Event: 3659.171 Thread 0x000001fa155dedc0 DEOPT UNPACKING pc=0x000001f9c61a4bc2 sp=0x00000032f99fe420 mode 0
Event: 8115.703 Thread 0x000001fa15e969b0 DEOPT PACKING pc=0x000001f9c6ef6eb0 sp=0x00000032fa4f57b0
Event: 8115.714 Thread 0x000001fa15e969b0 DEOPT UNPACKING pc=0x000001f9c61a4bc2 sp=0x00000032fa4f4d48 mode 3

Classes loaded (20 events):
Event: 3379.188 Loading class java/util/concurrent/locks/ReentrantReadWriteLock$Sync$HoldCounter
Event: 3379.188 Loading class java/util/concurrent/locks/ReentrantReadWriteLock$Sync$HoldCounter done
Event: 3379.235 Loading class java/util/concurrent/ConcurrentHashMap$EntrySpliterator
Event: 3379.237 Loading class java/util/concurrent/ConcurrentHashMap$EntrySpliterator done
Event: 3407.807 Loading class java/util/concurrent/ConcurrentSkipListMap$SubMap
Event: 3407.812 Loading class java/util/concurrent/ConcurrentSkipListMap$SubMap done
Event: 3407.816 Loading class java/util/concurrent/ConcurrentSkipListMap$Values
Event: 3407.818 Loading class java/util/concurrent/ConcurrentSkipListMap$Values done
Event: 3407.818 Loading class java/util/concurrent/ConcurrentSkipListMap$SubMap$SubMapValueIterator
Event: 3407.821 Loading class java/util/concurrent/ConcurrentSkipListMap$SubMap$SubMapIter
Event: 3407.824 Loading class java/util/concurrent/ConcurrentSkipListMap$SubMap$SubMapIter done
Event: 3407.824 Loading class java/util/concurrent/ConcurrentSkipListMap$SubMap$SubMapValueIterator done
Event: 10831.702 Loading class sun/net/www/protocol/http/EmptyInputStream
Event: 10831.709 Loading class sun/net/www/protocol/http/EmptyInputStream done
Event: 10831.711 Loading class sun/net/www/protocol/http/HttpURLConnection$10
Event: 10831.721 Loading class sun/net/www/protocol/http/HttpURLConnection$10 done
Event: 10831.840 Loading class java/nio/charset/IllegalCharsetNameException
Event: 10831.841 Loading class java/nio/charset/IllegalCharsetNameException done
Event: 30684.807 Loading class java/util/concurrent/locks/AbstractQueuedSynchronizer$SharedNode
Event: 30684.938 Loading class java/util/concurrent/locks/AbstractQueuedSynchronizer$SharedNode done

Classes unloaded (20 events):
Event: 11768.548 Thread 0x000001f9cdb23040 Unloading class 0x000001f9cf980c00 'java/lang/invoke/LambdaForm$MH+0x000001f9cf980c00'
Event: 11768.548 Thread 0x000001f9cdb23040 Unloading class 0x000001f9cf9d4000 'java/lang/invoke/LambdaForm$MH+0x000001f9cf9d4000'
Event: 11768.549 Thread 0x000001f9cdb23040 Unloading class 0x000001f9cf9d4800 'java/lang/invoke/LambdaForm$MH+0x000001f9cf9d4800'
Event: 11768.549 Thread 0x000001f9cdb23040 Unloading class 0x000001f9cf9dc400 'java/lang/invoke/LambdaForm$MH+0x000001f9cf9dc400'
Event: 11768.549 Thread 0x000001f9cdb23040 Unloading class 0x000001f9cf9f0400 'java/lang/invoke/LambdaForm$MH+0x000001f9cf9f0400'
Event: 11768.549 Thread 0x000001f9cdb23040 Unloading class 0x000001f9cf9f1800 'java/lang/invoke/LambdaForm$MH+0x000001f9cf9f1800'
Event: 11768.549 Thread 0x000001f9cdb23040 Unloading class 0x000001f9cfa08400 'java/lang/invoke/LambdaForm$MH+0x000001f9cfa08400'
Event: 11768.549 Thread 0x000001f9cdb23040 Unloading class 0x000001f9cfa08800 'java/lang/invoke/LambdaForm$MH+0x000001f9cfa08800'
Event: 11768.549 Thread 0x000001f9cdb23040 Unloading class 0x000001f9cfa15800 'java/lang/invoke/LambdaForm$MH+0x000001f9cfa15800'
Event: 11768.550 Thread 0x000001f9cdb23040 Unloading class 0x000001f9cfa16c00 'java/lang/invoke/LambdaForm$MH+0x000001f9cfa16c00'
Event: 11768.551 Thread 0x000001f9cdb23040 Unloading class 0x000001f9cfa18400 'java/lang/invoke/LambdaForm$MH+0x000001f9cfa18400'
Event: 11768.551 Thread 0x000001f9cdb23040 Unloading class 0x000001f9cfa18800 'java/lang/invoke/LambdaForm$MH+0x000001f9cfa18800'
Event: 11768.551 Thread 0x000001f9cdb23040 Unloading class 0x000001f9cfa24400 'java/lang/invoke/LambdaForm$MH+0x000001f9cfa24400'
Event: 11768.551 Thread 0x000001f9cdb23040 Unloading class 0x000001f9cfa2d000 'java/lang/invoke/LambdaForm$MH+0x000001f9cfa2d000'
Event: 11768.551 Thread 0x000001f9cdb23040 Unloading class 0x000001f9cfa30400 'java/lang/invoke/LambdaForm$MH+0x000001f9cfa30400'
Event: 11768.551 Thread 0x000001f9cdb23040 Unloading class 0x000001f9cfa33000 'java/lang/invoke/LambdaForm$MH+0x000001f9cfa33000'
Event: 11768.551 Thread 0x000001f9cdb23040 Unloading class 0x000001f9cfa33c00 'java/lang/invoke/LambdaForm$MH+0x000001f9cfa33c00'
Event: 11768.551 Thread 0x000001f9cdb23040 Unloading class 0x000001f9cfa35400 'java/lang/invoke/LambdaForm$MH+0x000001f9cfa35400'
Event: 11768.551 Thread 0x000001f9cdb23040 Unloading class 0x000001f9cfa38400 'java/lang/invoke/LambdaForm$MH+0x000001f9cfa38400'
Event: 11768.551 Thread 0x000001f9cdb23040 Unloading class 0x000001f9cfa38c00 'java/lang/invoke/LambdaForm$MH+0x000001f9cfa38c00'

Classes redefined (0 events):
No events

Internal exceptions (20 events):
Event: 3333.255 Thread 0x000001fa15af6130 Exception <a 'java/lang/NoSuchMethodError'{0x00000000ffbec498}: 'java.lang.Object java.lang.invoke.DirectMethodHandle$Holder.invokeSpecial(java.lang.Object, java.lang.Object, java.lang.Object, java.lang.Object, long)'> (0x00000000ffbec498) 
thrown [s\src\hotspot\share\interpreter\linkResolver.cpp, line 773]
Event: 3333.255 Thread 0x000001fa15af6130 Exception <a 'java/lang/NoSuchMethodError'{0x00000000ffbf07a0}: 'java.lang.Object java.lang.invoke.Invokers$Holder.linkToTargetMethod(java.lang.Object, java.lang.Object, long, java.lang.Object)'> (0x00000000ffbf07a0) 
thrown [s\src\hotspot\share\interpreter\linkResolver.cpp, line 773]
Event: 3371.920 Thread 0x000001fa15e92180 Exception <a 'java/lang/NoSuchMethodError'{0x0000000087e81648}: 'void java.lang.invoke.Invokers$Holder.invoke_MT(java.lang.Object, java.lang.Object, java.lang.Object, java.lang.Object)'> (0x0000000087e81648) 
thrown [s\src\hotspot\share\interpreter\linkResolver.cpp, line 773]
Event: 3372.783 Thread 0x000001fa15e92180 Exception <a 'java/lang/NoSuchMethodError'{0x0000000087255fa0}: 'java.lang.Object java.lang.invoke.DirectMethodHandle$Holder.invokeInterface(java.lang.Object, java.lang.Object, java.lang.Object, int)'> (0x0000000087255fa0) 
thrown [s\src\hotspot\share\interpreter\linkResolver.cpp, line 773]
Event: 3379.081 Thread 0x000001fa15e900b0 Exception <a 'java/lang/NoSuchMethodError'{0x0000000086edea60}: 'void java.lang.invoke.DelegatingMethodHandle$Holder.reinvoke_L(java.lang.Object, java.lang.Object, int)'> (0x0000000086edea60) 
thrown [s\src\hotspot\share\interpreter\linkResolver.cpp, line 773]
Event: 3379.081 Thread 0x000001fa15e92180 Exception <a 'java/lang/NoSuchMethodError'{0x0000000086ea96a0}: 'void java.lang.invoke.DelegatingMethodHandle$Holder.reinvoke_L(java.lang.Object, java.lang.Object, int)'> (0x0000000086ea96a0) 
thrown [s\src\hotspot\share\interpreter\linkResolver.cpp, line 773]
Event: 3379.081 Thread 0x000001fa15e91af0 Exception <a 'java/lang/NoSuchMethodError'{0x0000000086edd298}: 'void java.lang.invoke.DelegatingMethodHandle$Holder.reinvoke_L(java.lang.Object, java.lang.Object, int)'> (0x0000000086edd298) 
thrown [s\src\hotspot\share\interpreter\linkResolver.cpp, line 773]
Event: 3379.186 Thread 0x000001fa15e91af0 Exception <a 'java/lang/NoSuchMethodError'{0x0000000086cce9b0}: 'void java.lang.invoke.DirectMethodHandle$Holder.invokeVirtual(java.lang.Object, java.lang.Object, java.lang.Object, java.lang.Object, java.lang.Object)'> (0x0000000086cce9b0) 
thrown [s\src\hotspot\share\interpreter\linkResolver.cpp, line 773]
Event: 3379.186 Thread 0x000001fa15e900b0 Exception <a 'java/lang/NoSuchMethodError'{0x0000000086ce1e60}: 'void java.lang.invoke.DirectMethodHandle$Holder.invokeVirtual(java.lang.Object, java.lang.Object, java.lang.Object, java.lang.Object, java.lang.Object)'> (0x0000000086ce1e60) 
thrown [s\src\hotspot\share\interpreter\linkResolver.cpp, line 773]
Event: 3379.186 Thread 0x000001fa15e92180 Exception <a 'java/lang/NoSuchMethodError'{0x0000000086ccf948}: 'void java.lang.invoke.DirectMethodHandle$Holder.invokeVirtual(java.lang.Object, java.lang.Object, java.lang.Object, java.lang.Object, java.lang.Object)'> (0x0000000086ccf948) 
thrown [s\src\hotspot\share\interpreter\linkResolver.cpp, line 773]
Event: 3379.249 Thread 0x000001fa15e92180 Exception <a 'java/lang/NoSuchMethodError'{0x0000000086a50040}: 'void java.lang.invoke.DirectMethodHandle$Holder.invokeSpecial(java.lang.Object, java.lang.Object, long)'> (0x0000000086a50040) 
thrown [s\src\hotspot\share\interpreter\linkResolver.cpp, line 773]
Event: 3379.349 Thread 0x000001fa15e92180 Exception <a 'java/lang/NoSuchMethodError'{0x0000000086808040}: 'long java.lang.invoke.DelegatingMethodHandle$Holder.reinvoke_L(java.lang.Object, java.lang.Object)'> (0x0000000086808040) 
thrown [s\src\hotspot\share\interpreter\linkResolver.cpp, line 773]
Event: 3379.349 Thread 0x000001fa15e91af0 Exception <a 'java/lang/NoSuchMethodError'{0x0000000086807bd0}: 'long java.lang.invoke.DelegatingMethodHandle$Holder.reinvoke_L(java.lang.Object, java.lang.Object)'> (0x0000000086807bd0) 
thrown [s\src\hotspot\share\interpreter\linkResolver.cpp, line 773]
Event: 3502.024 Thread 0x000001fa15e94f70 Exception <a 'java/lang/NoSuchMethodError'{0x0000000085b660f0}: 'java.lang.Object java.lang.invoke.Invokers$Holder.linkToTargetMethod(java.lang.Object, int, java.lang.Object, java.lang.Object)'> (0x0000000085b660f0) 
thrown [s\src\hotspot\share\interpreter\linkResolver.cpp, line 773]
Event: 3502.631 Thread 0x000001fa15af6130 Exception <a 'java/lang/NoSuchMethodError'{0x0000000085a525d0}: 'java.lang.Object java.lang.invoke.DirectMethodHandle$Holder.invokeVirtual(java.lang.Object, java.lang.Object, java.lang.Object, java.lang.Object, int, int)'> (0x0000000085a525d0) 
thrown [s\src\hotspot\share\interpreter\linkResolver.cpp, line 773]
Event: 3502.634 Thread 0x000001fa15af6130 Exception <a 'java/lang/NoSuchMethodError'{0x0000000085a5a5e8}: 'java.lang.Object java.lang.invoke.DelegatingMethodHandle$Holder.reinvoke_L(java.lang.Object, java.lang.Object, java.lang.Object, java.lang.Object, int, int)'> (0x0000000085a5a5e8) 
thrown [s\src\hotspot\share\interpreter\linkResolver.cpp, line 773]
Event: 3502.657 Thread 0x000001fa15af6130 Exception <a 'java/lang/NoSuchMethodError'{0x0000000085a922f0}: 'java.lang.Object java.lang.invoke.DirectMethodHandle$Holder.invokeVirtual(java.lang.Object, java.lang.Object, int)'> (0x0000000085a922f0) 
thrown [s\src\hotspot\share\interpreter\linkResolver.cpp, line 773]
Event: 11502.046 Thread 0x000001fa15e96320 Exception <a 'java/lang/NoSuchMethodError'{0x00000000871f8908}: 'java.lang.Object java.lang.invoke.DelegatingMethodHandle$Holder.reinvoke_L(java.lang.Object, int, int, long, java.lang.Object, long, long, long)'> (0x00000000871f8908) 
thrown [s\src\hotspot\share\interpreter\linkResolver.cpp, line 773]
Event: 11502.419 Thread 0x000001fa15e96320 Exception <a 'java/lang/NoSuchMethodError'{0x000000008701b420}: 'java.lang.Object java.lang.invoke.DelegatingMethodHandle$Holder.reinvoke_L(java.lang.Object, java.lang.Object, java.lang.Object, java.lang.Object, java.lang.Object, java.lang.Object, java.lang.Object, java.lang.Object, java.lang.Object, java.lang.Object, java.lang.Object, java.lang.Object, java.lang.Object, java.lang.Object, int, java.lang.Object, java.lang.Object, java.lang.Object, java.lang.Object, java.lang.Object, java.lang.Object, java.l
Event: 11502.475 Thread 0x000001fa15e96320 Exception <a 'java/lang/NoSuchMethodError'{0x000000008706f3c8}: 'java.lang.Object java.lang.invoke.DelegatingMethodHandle$Holder.reinvoke_L(java.lang.Object, java.lang.Object, java.lang.Object, java.lang.Object, java.lang.Object, java.lang.Object, java.lang.Object, java.lang.Object, java.lang.Object, java.lang.Object, java.lang.Object, java.lang.Object, java.lang.Object, java.lang.Object, java.lang.Object, java.lang.Object, java.lang.Object, java.lang.Object, java.lang.Object, java.lang.Object, java.lang.O

ZGC Phase Switch (0 events):
No events

VM Operations (20 events):
Event: 30705.724 Executing safepoint VM operation: Cleanup done
Event: 30709.746 Executing safepoint VM operation: Cleanup
Event: 30709.746 Executing safepoint VM operation: Cleanup done
Event: 30711.759 Executing safepoint VM operation: Cleanup
Event: 30711.759 Executing safepoint VM operation: Cleanup done
Event: 30712.775 Executing safepoint VM operation: Cleanup
Event: 30712.911 Executing safepoint VM operation: Cleanup done
Event: 30714.918 Executing safepoint VM operation: Cleanup
Event: 30715.013 Executing safepoint VM operation: Cleanup done
Event: 30716.019 Executing safepoint VM operation: Cleanup
Event: 30716.048 Executing safepoint VM operation: Cleanup done
Event: 30720.067 Executing safepoint VM operation: G1CollectForAllocation (G1 Evacuation Pause)
Event: 30720.375 Executing safepoint VM operation: G1CollectForAllocation (G1 Evacuation Pause) done
Event: 30721.375 Executing safepoint VM operation: Cleanup
Event: 30723.409 Executing safepoint VM operation: Cleanup done
Event: 30725.426 Executing safepoint VM operation: Cleanup
Event: 30725.473 Executing safepoint VM operation: Cleanup done
Event: 30726.484 Executing safepoint VM operation: Cleanup
Event: 30726.780 Executing safepoint VM operation: Cleanup done
Event: 30726.886 Executing safepoint VM operation: G1CollectForAllocation (G1 Evacuation Pause)

Memory protections (0 events):
No events

Nmethod flushes (20 events):
Event: 12376.429 Thread 0x000001f9cdb23040 flushing  nmethod 0x000001f9c6cebc90
Event: 12376.429 Thread 0x000001f9cdb23040 flushing  nmethod 0x000001f9c6cef890
Event: 12376.429 Thread 0x000001f9cdb23040 flushing  nmethod 0x000001f9c6d78d10
Event: 12376.429 Thread 0x000001f9cdb23040 flushing  nmethod 0x000001f9c6d79c90
Event: 12376.430 Thread 0x000001f9cdb23040 flushing  nmethod 0x000001f9c6d7b190
Event: 12376.430 Thread 0x000001f9cdb23040 flushing  nmethod 0x000001f9c6da4310
Event: 12376.430 Thread 0x000001f9cdb23040 flushing  nmethod 0x000001f9c6e0e090
Event: 12376.430 Thread 0x000001f9cdb23040 flushing  nmethod 0x000001f9c6e0f210
Event: 12376.430 Thread 0x000001f9cdb23040 flushing  nmethod 0x000001f9c6e6a090
Event: 12376.430 Thread 0x000001f9cdb23040 flushing  nmethod 0x000001f9c6e85810
Event: 12376.430 Thread 0x000001f9cdb23040 flushing  nmethod 0x000001f9c6e87a90
Event: 12376.430 Thread 0x000001f9cdb23040 flushing  nmethod 0x000001f9c6e89c90
Event: 12376.430 Thread 0x000001f9cdb23040 flushing  nmethod 0x000001f9c6e8b710
Event: 12376.430 Thread 0x000001f9cdb23040 flushing  nmethod 0x000001f9c6e8bd90
Event: 12376.430 Thread 0x000001f9cdb23040 flushing  nmethod 0x000001f9c6eca690
Event: 12376.430 Thread 0x000001f9cdb23040 flushing  nmethod 0x000001f9c6eca990
Event: 12376.430 Thread 0x000001f9cdb23040 flushing  nmethod 0x000001f9c6f12210
Event: 12376.430 Thread 0x000001f9cdb23040 flushing  nmethod 0x000001f9c6f18910
Event: 12376.430 Thread 0x000001f9cdb23040 flushing  nmethod 0x000001f9c6f19490
Event: 12376.430 Thread 0x000001f9cdb23040 flushing  nmethod 0x000001f9c6fa4510

Events (20 events):
Event: 10923.184 Thread 0x000001fa15668ad0 Thread exited: 0x000001fa15668ad0
Event: 10930.268 Thread 0x000001f9cdb487d0 Thread added: 0x000001fa156691a0
Event: 10930.268 Thread 0x000001f9cdb487d0 Thread added: 0x000001fa15669f40
Event: 10932.491 Thread 0x000001fa15669f40 Thread exited: 0x000001fa15669f40
Event: 10934.252 Thread 0x000001fa156691a0 Thread exited: 0x000001fa156691a0
Event: 10935.002 Thread 0x000001f9cdb487d0 Thread added: 0x000001fa15668ad0
Event: 10941.865 Thread 0x000001fa15668ad0 Thread exited: 0x000001fa15668ad0
Event: 10992.667 Thread 0x000001fa15e93bc0 Thread exited: 0x000001fa15e93bc0
Event: 10999.030 Thread 0x000001fa15e93530 Thread exited: 0x000001fa15e93530
Event: 11140.290 Thread 0x000001f9cdb487d0 Thread added: 0x000001fa15669870
Event: 11140.290 Thread 0x000001f9cdb487d0 Thread added: 0x000001fa1566a610
Event: 11145.363 Thread 0x000001fa1566a610 Thread exited: 0x000001fa1566a610
Event: 11145.378 Thread 0x000001fa15669870 Thread exited: 0x000001fa15669870
Event: 11585.288 Thread 0x000001f9cdb487d0 Thread added: 0x000001fa1566ace0
Event: 11590.334 Thread 0x000001fa1566ace0 Thread exited: 0x000001fa1566ace0
Event: 30628.869 Thread 0x000001f9cdb487d0 Thread added: 0x000001fa1566ace0
Event: 30628.870 Thread 0x000001f9cdb487d0 Thread added: 0x000001fa15669870
Event: 30634.466 Thread 0x000001fa15669870 Thread exited: 0x000001fa15669870
Event: 30635.344 Thread 0x000001fa1566ace0 Thread exited: 0x000001fa1566ace0
Event: 30724.103 Thread 0x000001f9cdb487d0 Thread added: 0x000001fa15668ad0


Dynamic libraries:
0x00007ff64ad70000 - 0x00007ff64ad7e000 	C:\Program Files\Eclipse Adoptium\jdk-21.0.10.7-hotspot\bin\java.exe
0x00007ff9593b0000 - 0x00007ff9595a8000 	C:\Windows\SYSTEM32\ntdll.dll
0x00007ff958240000 - 0x00007ff958302000 	C:\Windows\System32\KERNEL32.DLL
0x00007ff956dc0000 - 0x00007ff9570b6000 	C:\Windows\System32\KERNELBASE.dll
0x00007ff9570f0000 - 0x00007ff9571f0000 	C:\Windows\System32\ucrtbase.dll
0x00007ff94bec0000 - 0x00007ff94bed8000 	C:\Program Files\Eclipse Adoptium\jdk-21.0.10.7-hotspot\bin\jli.dll
0x00007ff957a80000 - 0x00007ff957c21000 	C:\Windows\System32\USER32.dll
0x00007ff956be0000 - 0x00007ff956c02000 	C:\Windows\System32\win32u.dll
0x00007ff957e10000 - 0x00007ff957e3b000 	C:\Windows\System32\GDI32.dll
0x00007ff956a40000 - 0x00007ff956b59000 	C:\Windows\System32\gdi32full.dll
0x00007ff957280000 - 0x00007ff95731d000 	C:\Windows\System32\msvcp_win.dll
0x00007ff9429f0000 - 0x00007ff942c8b000 	C:\Windows\WinSxS\amd64_microsoft.windows.common-controls_6595b64144ccf1df_6.0.19041.6456_none_60b8a6cb71f64256\COMCTL32.dll
0x00007ff957d10000 - 0x00007ff957dae000 	C:\Windows\System32\msvcrt.dll
0x00007ff9498a0000 - 0x00007ff9498be000 	C:\Program Files\Eclipse Adoptium\jdk-21.0.10.7-hotspot\bin\VCRUNTIME140.dll
0x00007ff958370000 - 0x00007ff95839f000 	C:\Windows\System32\IMM32.DLL
0x00007ff952300000 - 0x00007ff95230c000 	C:\Program Files\Eclipse Adoptium\jdk-21.0.10.7-hotspot\bin\vcruntime140_1.dll
0x00007ff93cab0000 - 0x00007ff93cb3d000 	C:\Program Files\Eclipse Adoptium\jdk-21.0.10.7-hotspot\bin\msvcp140.dll
0x00007ff893580000 - 0x00007ff894321000 	C:\Program Files\Eclipse Adoptium\jdk-21.0.10.7-hotspot\bin\server\jvm.dll
0x00007ff958b10000 - 0x00007ff958bc1000 	C:\Windows\System32\ADVAPI32.dll
0x00007ff957f40000 - 0x00007ff957fdf000 	C:\Windows\System32\sechost.dll
0x00007ff959130000 - 0x00007ff959250000 	C:\Windows\System32\RPCRT4.dll
0x00007ff9570c0000 - 0x00007ff9570e7000 	C:\Windows\System32\bcrypt.dll
0x00007ff959060000 - 0x00007ff9590cb000 	C:\Windows\System32\WS2_32.dll
0x00007ff955f90000 - 0x00007ff955fdb000 	C:\Windows\SYSTEM32\POWRPROF.dll
0x00007ff94a7b0000 - 0x00007ff94a7d7000 	C:\Windows\SYSTEM32\WINMM.dll
0x00007ff94f430000 - 0x00007ff94f43a000 	C:\Windows\SYSTEM32\VERSION.dll
0x00007ff955e00000 - 0x00007ff955e12000 	C:\Windows\SYSTEM32\UMPDC.dll
0x00007ff954870000 - 0x00007ff954882000 	C:\Windows\SYSTEM32\kernel.appcore.dll
0x00007ff94c030000 - 0x00007ff94c03a000 	C:\Program Files\Eclipse Adoptium\jdk-21.0.10.7-hotspot\bin\jimage.dll
0x00007ff94f8b0000 - 0x00007ff94fab1000 	C:\Windows\SYSTEM32\DBGHELP.DLL
0x00007ff93b130000 - 0x00007ff93b164000 	C:\Windows\SYSTEM32\dbgcore.DLL
0x00007ff9571f0000 - 0x00007ff957272000 	C:\Windows\System32\bcryptPrimitives.dll
0x00007ff949880000 - 0x00007ff9498a0000 	C:\Program Files\Eclipse Adoptium\jdk-21.0.10.7-hotspot\bin\java.dll
0x00007ff9583a0000 - 0x00007ff958b10000 	C:\Windows\System32\SHELL32.dll
0x00007ff954a70000 - 0x00007ff955215000 	C:\Windows\SYSTEM32\windows.storage.dll
0x00007ff958d00000 - 0x00007ff959054000 	C:\Windows\System32\combase.dll
0x00007ff956390000 - 0x00007ff9563bb000 	C:\Windows\SYSTEM32\Wldp.dll
0x00007ff957e40000 - 0x00007ff957f0d000 	C:\Windows\System32\OLEAUT32.dll
0x00007ff958190000 - 0x00007ff95823d000 	C:\Windows\System32\SHCORE.dll
0x00007ff958130000 - 0x00007ff95818b000 	C:\Windows\System32\shlwapi.dll
0x00007ff956970000 - 0x00007ff956994000 	C:\Windows\SYSTEM32\profapi.dll
0x00007ff94bfe0000 - 0x00007ff94bff0000 	C:\Program Files\Eclipse Adoptium\jdk-21.0.10.7-hotspot\bin\net.dll
0x00007ff94ee60000 - 0x00007ff94ef6a000 	C:\Windows\SYSTEM32\WINHTTP.dll
0x00007ff956170000 - 0x00007ff9561da000 	C:\Windows\system32\mswsock.dll
0x00007ff93ef90000 - 0x00007ff93efa6000 	C:\Program Files\Eclipse Adoptium\jdk-21.0.10.7-hotspot\bin\nio.dll
0x00007ff93ee10000 - 0x00007ff93ee28000 	C:\Program Files\Eclipse Adoptium\jdk-21.0.10.7-hotspot\bin\zip.dll
0x00007ff949870000 - 0x00007ff94987a000 	C:\Program Files\Eclipse Adoptium\jdk-21.0.10.7-hotspot\bin\management.dll
0x00007ff949800000 - 0x00007ff94980c000 	C:\Program Files\Eclipse Adoptium\jdk-21.0.10.7-hotspot\bin\management_ext.dll
0x00007ff957fe0000 - 0x00007ff957fe8000 	C:\Windows\System32\PSAPI.DLL
0x00007ff955e20000 - 0x00007ff955e5b000 	C:\Windows\SYSTEM32\IPHLPAPI.DLL
0x00007ff9573d0000 - 0x00007ff9573d8000 	C:\Windows\System32\NSI.dll
0x00007ff955e70000 - 0x00007ff955f3a000 	C:\Windows\SYSTEM32\DNSAPI.dll
0x0000000073790000 - 0x00000000737b6000 	C:\Program Files\Bonjour\mdnsNSP.dll
0x00007ff94c9c0000 - 0x00007ff94c9ca000 	C:\Windows\System32\rasadhlp.dll
0x00007ff94afa0000 - 0x00007ff94b020000 	C:\Windows\System32\fwpuclnt.dll
0x00007ff953d50000 - 0x00007ff953d5e000 	C:\Program Files\Eclipse Adoptium\jdk-21.0.10.7-hotspot\bin\sunmscapi.dll
0x00007ff956c60000 - 0x00007ff956dbd000 	C:\Windows\System32\CRYPT32.dll
0x00007ff9564e0000 - 0x00007ff956507000 	C:\Windows\SYSTEM32\ncrypt.dll
0x00007ff9564a0000 - 0x00007ff9564db000 	C:\Windows\SYSTEM32\NTASN1.dll
0x00007ff9563d0000 - 0x00007ff9563e8000 	C:\Windows\SYSTEM32\CRYPTSP.dll
0x00007ff955a40000 - 0x00007ff955a78000 	C:\Windows\system32\rsaenh.dll
0x00007ff9568f0000 - 0x00007ff95691e000 	C:\Windows\SYSTEM32\USERENV.dll
0x00007ff956300000 - 0x00007ff95630c000 	C:\Windows\SYSTEM32\CRYPTBASE.dll
0x00007ff949780000 - 0x00007ff949789000 	C:\Program Files\Eclipse Adoptium\jdk-21.0.10.7-hotspot\bin\extnet.dll
0x00007ff94bf10000 - 0x00007ff94bf20000 	C:\Program Files\Eclipse Adoptium\jdk-21.0.10.7-hotspot\bin\verify.dll
0x00007ff934cd0000 - 0x00007ff934cd7000 	C:\Windows\system32\wshunix.dll

JVMTI agents: none

dbghelp: loaded successfully - version: 4.0.5 - missing functions: none
symbol engine: initialized successfully - sym options: 0x614 - pdb path: .;C:\Program Files\Eclipse Adoptium\jdk-21.0.10.7-hotspot\bin;C:\Windows\SYSTEM32;C:\Windows\WinSxS\amd64_microsoft.windows.common-controls_6595b64144ccf1df_6.0.19041.6456_none_60b8a6cb71f64256;C:\Program Files\Eclipse Adoptium\jdk-21.0.10.7-hotspot\bin\server;C:\Program Files\Bonjour

VM Arguments:
jvm_args: -XX:TieredStopAtLevel=1 
java_command: com.inmobiliaria.identity_service.Application
java_class_path (initial): C:\Users\3020s\OneDrive\Escritorio\8Sem\taller software\Group-C_Droca-Inmob_Backend\identity-service\target\classes;C:\Users\3020s\.m2\repository\ch\qos\logback\logback-classic\1.5.32\logback-classic-1.5.32.jar;C:\Users\3020s\.m2\repository\ch\qos\logback\logback-core\1.5.32\logback-core-1.5.32.jar;C:\Users\3020s\.m2\repository\org\apache\logging\log4j\log4j-to-slf4j\2.24.3\log4j-to-slf4j-2.24.3.jar;C:\Users\3020s\.m2\repository\org\apache\logging\log4j\log4j-api\2.24.3\log4j-api-2.24.3.jar;C:\Users\3020s\.m2\repository\org\slf4j\jul-to-slf4j\2.0.17\jul-to-slf4j-2.0.17.jar;C:\Users\3020s\.m2\repository\jakarta\annotation\jakarta.annotation-api\2.1.1\jakarta.annotation-api-2.1.1.jar;C:\Users\3020s\.m2\repository\org\yaml\snakeyaml\2.4\snakeyaml-2.4.jar;C:\Users\3020s\.m2\repository\org\springframework\boot\spring-boot-actuator-autoconfigure\3.5.14\spring-boot-actuator-autoconfigure-3.5.14.jar;C:\Users\3020s\.m2\repository\org\springframework\boot\spring-boot-actuator\3.5.14\spring-boot-actuator-3.5.14.jar;C:\Users\3020s\.m2\repository\com\fasterxml\jackson\datatype\jackson-datatype-jsr310\2.21.2\jackson-datatype-jsr310-2.21.2.jar;C:\Users\3020s\.m2\repository\io\micrometer\micrometer-observation\1.15.11\micrometer-observation-1.15.11.jar;C:\Users\3020s\.m2\repository\io\micrometer\micrometer-commons\1.15.11\micrometer-commons-1.15.11.jar;C:\Users\3020s\.m2\repository\io\micrometer\micrometer-jakarta9\1.15.11\micrometer-jakarta9-1.15.11.jar;C:\Users\3020s\.m2\repository\io\micrometer\micrometer-core\1.15.11\micrometer-core-1.15.11.jar;C:\Users\3020s\.m2\repository\org\hdrhistogram\HdrHistogram\2.2.2\HdrHistogram-2.2.2.jar;C:\Users\3020s\.m2\repository\org\latencyutils\LatencyUtils\2.0.3\LatencyUtils-2.0.3.jar;C:\Users\3020s\.m2\repository\org\mongodb\mongodb-driver-sync\5.5.2\mongodb-driver-sync-5.5.2.jar;C:\Users\3020s\.m2\repository\org\mongodb\bson\5.5.2\bson-5.5.2.jar;C:\Users\3020s\.m2\repository\org\mongodb\mongodb-driver-core\5.5.2\mongodb-driver-core-5.5.2.jar;C:\Users\3020s\.m2\repository\org\mongodb\bson-record-codec\5.5.2\bson-record-codec-5.5.2.jar;C:\Users\3020s\.m2\repository\org\springframework\data\spring-data-mongodb\4.5.11\spring-data-mongodb-4.5.11.jar;C:\Users\3020s\.m2\repository\org\springframework\spring-tx\6.2.18\spring-tx-6.2.18.jar;C:\Users\3020s\.m2\repository\org\springframework\spring-context\6.2.18\spring-context-6.2.18.jar;C:\Users\3020s\.m2\repository\org\springframework\spring-beans\6.2.18\spring-beans-6.2.18.jar;C:\Users\3020s\.m2\repository\org\springframework\spring-expression\6.2.18\spring-expression-6.2.18.jar;C:\Users\3020s\.m2\repository\org\springframework\data\spring-data-commons\3.5.11\spring-data-commons-3.5.11.jar;C:\Users\3020s\.m2\repository\org\slf4j\slf4j-api\2.0.17\slf4j-api-2.0.17.jar;C:\Users\3020s\.m2\repository\org\springframework\spring-context-support\6.2.18\spring-context-support-6.2.18.jar;C:\Users\3020s\.m2\repository\org\eclipse\angus\jakarta.mail\2.0.5\jakarta.mail-2.0.5.jar;C:\Users\3020s\.m2\repository\jakarta\activation\jakarta.activation-api\2.1.4\jakarta.activation-api-2.1.4.jar;C:\Users\3020s\.m2\repository\org\eclipse\angus\angus-activation\2.0.3\angus-activation-2.0.3.jar;C:\Users\3020s\.m2\repository\org\springframework\spring-aop\6.2.18\spring-aop-6.2.18.jar;C:\Users\3020s\.m2\repository\org\springframework\security\spring-security-config\6.5.10\spring-security-config-6.5.10.jar;C:\Users\3020s\.m2\repository\org\springframework\security\spring-security-web\6.5.10\spring-security-web-6.5.10.jar;C:\Users\3020s\.m2\repository\com\fasterxml\jackson\datatype\jackson-datatype-jdk8\2.21.2\jackson-datatype-jdk8-2.21.2.jar;C:\Users\3020s\.m2\repository\com\fasterxml\jackson\module\jackson-module-parameter-names\2.21.2\jackson-module-parameter-names-2.21.2.jar;C:\Users\3020s\.m2\repository\org\apache\tomcat\embed\tomcat-embed-core\10.1.54\tomcat-embed-core-10.1.54.jar;C:\Users\3020s\.m2\repository\org\apache\tomcat\embed\tomcat-embed-websocket\10.1.54\tomcat-embed-websocket-10.1.54.jar;C:\Users\3020s\.m2\repository\org\springframework\spring-web\6.2.18\spring-web-6.2.18.jar;C:\Users\3020s\.m2\repository\org\springframework\spring-webmvc\6.2.18\spring-webmvc-6.2.18.jar;C:\Users\3020s\.m2\repository\org\springframework\cloud\spring-cloud-starter-netflix-eureka-client\4.3.1\spring-cloud-starter-netflix-eureka-client-4.3.1.jar;C:\Users\3020s\.m2\repository\org\springframework\cloud\spring-cloud-starter\4.3.1\spring-cloud-starter-4.3.1.jar;C:\Users\3020s\.m2\repository\org\springframework\cloud\spring-cloud-context\4.3.1\spring-cloud-context-4.3.1.jar;C:\Users\3020s\.m2\repository\org\bouncycastle\bcprov-jdk18on\1.80\bcprov-jdk18on-1.80.jar;C:\Users\3020s\.m2\repository\org\springframework\cloud\spring-cloud-netflix-eureka-client\4.3.1\spring-cloud-netflix-eureka-client-4.3.1.jar;C:\Users\3020s\.m2\repository\org\apache\httpcomponents\client5\httpclient5\5.5.2\httpclient5-5.5.2.jar;C:\Users\3020s\.m2\repository\org\apache\httpcomponents\core5\httpcore5\5.3.6\httpcore5-5.3.6.jar;C:\Users\3020s\.m2\repository\org\apache\httpcomponents\core5\httpcore5-h2\5.3.6\httpcore5-h2-5.3.6.jar;C:\Users\3020s\.m2\repository\com\netflix\eureka\eureka-client\2.0.5\eureka-client-2.0.5.jar;C:\Users\3020s\.m2\repository\com\thoughtworks\xstream\xstream\1.4.21\xstream-1.4.21.jar;C:\Users\3020s\.m2\repository\io\github\x-stream\mxparser\1.2.2\mxparser-1.2.2.jar;C:\Users\3020s\.m2\repository\xmlpull\xmlpull\1.1.3.1\xmlpull-1.1.3.1.jar;C:\Users\3020s\.m2\repository\jakarta\ws\rs\jakarta.ws.rs-api\3.1.0\jakarta.ws.rs-api-3.1.0.jar;C:\Users\3020s\.m2\repository\jakarta\inject\jakarta.inject-api\2.0.1\jakarta.inject-api-2.0.1.jar;C:\Users\3020s\.m2\repository\com\netflix\spectator\spectator-api\1.7.3\spectator-api-1.7.3.jar;C:\Users\3020s\.m2\repository\org\apache\httpcomponents\httpclient\4.5.3\httpclient-4.5.3.jar;C:\Users\3020s\.m2\repository\org\apache\httpcomponents\httpcore\4.4.16\httpcore-4.4.16.jar;C:\Users\3020s\.m2\repository\commons-codec\commons-codec\1.18.0\commons-codec-1.18.0.jar;C:\Users\3020s\.m2\repository\commons-configuration\commons-configuration\1.10\commons-configuration-1.10.jar;C:\Users\3020s\.m2\repository\commons-lang\commons-lang\2.6\commons-lang-2.6.jar;C:\Users\3020s\.m2\repository\com\fasterxml\jackson\core\jackson-annotations\2.21\jackson-annotations-2.21.jar;C:\Users\3020s\.m2\repository\com\fasterxml\jackson\core\jackson-core\2.21.2\jackson-core-2.21.2.jar;C:\Users\3020s\.m2\repository\com\netflix\netflix-commons\netflix-eventbus\0.3.0\netflix-eventbus-0.3.0.jar;C:\Users\3020s\.m2\repository\com\netflix\netflix-commons\netflix-infix\0.3.0\netflix-infix-0.3.0.jar;C:\Users\3020s\.m2\repository\commons-jxpath\commons-jxpath\1.3\commons-jxpath-1.3.jar;C:\Users\3020s\.m2\repository\joda-time\joda-time\2.3\joda-time-2.3.jar;C:\Users\3020s\.m2\repository\org\antlr\antlr-runtime\3.4\antlr-runtime-3.4.jar;C:\Users\3020s\.m2\repository\org\antlr\stringtemplate\3.2.1\stringtemplate-3.2.1.jar;C:\Users\3020s\.m2\repository\antlr\antlr\2.7.7\antlr-2.7.7.jar;C:\Users\3020s\.m2\repository\com\google\code\gson\gson\2.13.2\gson-2.13.2.jar;C:\Users\3020s\.m2\repository\com\google\errorprone\error_prone_annotations\2.41.0\error_prone_annotations-2.41.0.jar;C:\Users\3020s\.m2\repository\com\netflix\servo\servo-core\0.5.3\servo-core-0.5.3.jar;C:\Users\3020s\.m2\repository\org\apache\commons\commons-math\2.2\commons-math-2.2.jar;C:\Users\3020s\.m2\repository\javax\annotation\javax.annotation-api\1.2\javax.annotation-api-1.2.jar;C:\Users\3020s\.m2\repository\org\codehaus\jettison\jettison\1.5.4\jettison-1.5.4.jar;C:\Users\3020s\.m2\repository\org\springframework\cloud\spring-cloud-starter-loadbalancer\4.3.1\spring-cloud-starter-loadbalancer-4.3.1.jar;C:\Users\3020s\.m2\repository\org\springframework\cloud\spring-cloud-loadbalancer\4.3.1\spring-cloud-loadbalancer-4.3.1.jar;C:\Users\3020s\.m2\repository\io\projectreactor\reactor-core\3.7.18\reactor-core-3.7.18.jar;C:\Users\3020s\.m2\repository\org\reactivestreams\reactive-streams\1.0.4\reactive-streams-1.0.4.jar;C:\Users\3020s\.m2\repository\io\projectreactor\addons\reactor-extra\3.5.4\reactor-extra-3.5.4.jar;C:\Users\3020s\.m2\repository\com\stoyanr\evictor\1.0.0\evictor-1.0.0.jar;C:\Users\3020s\.m2\repository\org\springframework\cloud\spring-cloud-starter-openfeign\4.3.1\spring-cloud-starter-openfeign-4.3.1.jar;C:\Users\3020s\.m2\repository\org\springframework\cloud\spring-cloud-openfeign-core\4.3.1\spring-cloud-openfeign-core-4.3.1.jar;C:\Users\3020s\.m2\repository\io\github\openfeign\feign-form-spring\13.6\feign-form-spring-13.6.jar;C:\Users\3020s\.m2\repository\org\apache\commons\commons-text\1.13.0\commons-text-1.13.0.jar;C:\Users\3020s\.m2\repository\org\apache\commons\commons-lang3\3.17.0\commons-lang3-3.17.0.jar;C:\Users\3020s\.m2\repository\io\github\openfeign\feign-form\13.6\feign-form-13.6.jar;C:\Users\3020s\.m2\repository\commons-fileupload\commons-fileupload\1.5\commons-fileupload-1.5.jar;C:\Users\3020s\.m2\repository\org\springframework\cloud\spring-cloud-commons\4.3.1\spring-cloud-commons-4.3.1.jar;C:\Users\3020s\.m2\repository\org\springframework\security\spring-security-crypto\6.5.10\spring-security-crypto-6.5.10.jar;C:\Users\3020s\.m2\repository\io\github\openfeign\feign-core\13.6\feign-core-13.6.jar;C:\Users\3020s\.m2\repository\io\github\openfeign\feign-slf4j\13.6\feign-slf4j-13.6.jar;C:\Users\3020s\.m2\repository\org\apache\tomcat\embed\tomcat-embed-el\10.1.54\tomcat-embed-el-10.1.54.jar;C:\Users\3020s\.m2\repository\org\hibernate\validator\hibernate-validator\8.0.3.Final\hibernate-validator-8.0.3.Final.jar;C:\Users\3020s\.m2\repository\jakarta\validation\jakarta.validation-api\3.0.2\jakarta.validation-api-3.0.2.jar;C:\Users\3020s\.m2\repository\org\jboss\logging\jboss-logging\3.6.3.Final\jboss-logging-3.6.3.Final.jar;C:\Users\3020s\.m2\repository\com\fasterxml\classmate\1.7.3\classmate-1.7.3.jar;C:\Users\3020s\.m2\repository\io\jsonwebtoken\jjwt-api\0.11.5\jjwt-api-0.11.5.jar;C:\Users\3020s\.m2\repository\io\jsonwebtoken\jjwt-impl\0.11.5\jjwt-impl-0.11.5.jar;C:\Users\3020s\.m2\repository\io\jsonwebtoken\jjwt-jackson\0.11.5\jjwt-jackson-0.11.5.jar;C:\Users\3020s\.m2\repository\com\fasterxml\jackson\core\jackson-databind\2.21.2\jackson-databind-2.21.2.jar;C:\Users\3020s\.m2\repository\org\springframework\boot\spring-boot-devtools\3.5.14\spring-boot-devtools-3.5.14.jar;C:\Users\3020s\.m2\repository\org\springframework\boot\spring-boot\3.5.14\spring-boot-3.5.14.jar;C:\Users\3020s\.m2\repository\org\springframework\boot\spring-boot-autoconfigure\3.5.14\spring-boot-autoconfigure-3.5.14.jar;C:\Users\3020s\.m2\repository\jakarta\xml\bind\jakarta.xml.bind-api\4.0.4\jakarta.xml.bind-api-4.0.4.jar;C:\Users\3020s\.m2\repository\org\springframework\spring-core\6.2.18\spring-core-6.2.18.jar;C:\Users\3020s\.m2\repository\org\springframework\spring-jcl\6.2.18\spring-jcl-6.2.18.jar;C:\Users\3020s\.m2\repository\org\projectlombok\lombok\1.18.44\lombok-1.18.44.jar;C:\Users\3020s\.m2\repository\org\springframework\security\spring-security-core\6.5.10\spring-security-core-6.5.10.jar;C:\Users\3020s\.m2\repository\org\aspectj\aspectjweaver\1.9.25.1\aspectjweaver-1.9.25.1.jar;C:\Users\3020s\.m2\repository\org\springdoc\springdoc-openapi-starter-webmvc-ui\2.8.5\springdoc-openapi-starter-webmvc-ui-2.8.5.jar;C:\Users\3020s\.m2\repository\org\springdoc\springdoc-openapi-starter-webmvc-api\2.8.5\springdoc-openapi-starter-webmvc-api-2.8.5.jar;C:\Users\3020s\.m2\repository\org\springdoc\springdoc-openapi-starter-common\2.8.5\springdoc-openapi-starter-common-2.8.5.jar;C:\Users\3020s\.m2\repository\io\swagger\core\v3\swagger-core-jakarta\2.2.28\swagger-core-jakarta-2.2.28.jar;C:\Users\3020s\.m2\repository\io\swagger\core\v3\swagger-annotations-jakarta\2.2.28\swagger-annotations-jakarta-2.2.28.jar;C:\Users\3020s\.m2\repository\io\swagger\core\v3\swagger-models-jakarta\2.2.28\swagger-models-jakarta-2.2.28.jar;C:\Users\3020s\.m2\repository\com\fasterxml\jackson\dataformat\jackson-dataformat-yaml\2.21.2\jackson-dataformat-yaml-2.21.2.jar;C:\Users\3020s\.m2\repository\org\webjars\swagger-ui\5.18.3\swagger-ui-5.18.3.jar;C:\Users\3020s\.m2\repository\org\webjars\webjars-locator-lite\1.1.3\webjars-locator-lite-1.1.3.jar;C:\Users\3020s\.m2\repository\org\jspecify\jspecify\1.0.0\jspecify-1.0.0.jar
Launcher Type: SUN_STANDARD

[Global flags]
     intx CICompilerCount                          = 3                                         {product} {ergonomic}
     uint ConcGCThreads                            = 1                                         {product} {ergonomic}
     uint G1ConcRefinementThreads                  = 4                                         {product} {ergonomic}
   size_t G1HeapRegionSize                         = 1048576                                   {product} {ergonomic}
    uintx GCDrainStackTargetSize                   = 64                                        {product} {ergonomic}
   size_t InitialHeapSize                          = 132120576                                 {product} {ergonomic}
   size_t MarkStackSize                            = 4194304                                   {product} {ergonomic}
   size_t MaxHeapSize                              = 2105540608                                {product} {ergonomic}
   size_t MaxNewSize                               = 1262485504                                {product} {ergonomic}
   size_t MinHeapDeltaBytes                        = 1048576                                   {product} {ergonomic}
   size_t MinHeapSize                              = 8388608                                   {product} {ergonomic}
    uintx NonNMethodCodeHeapSize                   = 4096                                   {pd product} {ergonomic}
    uintx NonProfiledCodeHeapSize                  = 0                                      {pd product} {ergonomic}
     bool ProfileInterpreter                       = false                                  {pd product} {command line}
    uintx ProfiledCodeHeapSize                     = 0                                      {pd product} {ergonomic}
   size_t SoftMaxHeapSize                          = 2105540608                             {manageable} {ergonomic}
     intx TieredStopAtLevel                        = 1                                         {product} {command line}
     bool UseCompressedOops                        = true                           {product lp64_product} {ergonomic}
     bool UseG1GC                                  = true                                      {product} {ergonomic}
     bool UseLargePagesIndividualAllocation        = false                                  {pd product} {ergonomic}

Logging:
Log output configuration:
 #0: stdout all=warning uptime,level,tags foldmultilines=false
 #1: stderr all=off uptime,level,tags foldmultilines=false

Release file:
IMPLEMENTOR="Eclipse Adoptium" 
IMPLEMENTOR_VERSION="Temurin-21.0.10+7" 
JAVA_RUNTIME_VERSION="21.0.10+7-LTS" 
JAVA_VERSION="21.0.10" 
JAVA_VERSION_DATE="2026-01-20" 
LIBC="default" 
MODULES="java.base java.compiler java.datatransfer java.xml java.prefs java.desktop java.instrument java.logging java.management java.security.sasl java.naming java.rmi java.management.rmi java.net.http java.scripting java.security.jgss java.transaction.xa java.sql java.sql.rowset java.xml.crypto java.se java.smartcardio jdk.accessibility jdk.internal.jvmstat jdk.attach jdk.charsets jdk.internal.opt jdk.zipfs jdk.compiler jdk.crypto.ec jdk.crypto.cryptoki jdk.crypto.mscapi jdk.dynalink jdk.internal.ed jdk.editpad jdk.hotspot.agent jdk.httpserver jdk.incubator.vector jdk.internal.le jdk.internal.vm.ci jdk.internal.vm.compiler jdk.internal.vm.compiler.management jdk.jartool jdk.javadoc jdk.jcmd jdk.management jdk.management.agent jdk.jconsole jdk.jdeps jdk.jdwp.agent jdk.jdi jdk.jfr jdk.jlink jdk.jpackage jdk.jshell jdk.jsobject jdk.jstatd jdk.localedata jdk.management.jfr jdk.naming.dns jdk.naming.rmi jdk.net jdk.nio.mapmode jdk.random jdk.sctp jdk.security.auth jdk.security.jgss jdk.unsupported jdk.unsupported.desktop jdk.xml.dom" 
OS_ARCH="x86_64" 
OS_NAME="Windows" 
SOURCE=".:git:a633eafe0fcc" 
BUILD_SOURCE="git:458965074606f027bd5afce2cfd5c1055dea0438"
BUILD_SOURCE_REPO="https://github.com/adoptium/temurin-build.git"
SOURCE_REPO="https://github.com/adoptium/jdk21u.git"
FULL_VERSION="21.0.10+7-LTS"
SEMANTIC_VERSION="21.0.10+7"
BUILD_INFO="OS: Windows Server 2022 Version: 10.0"
JVM_VARIANT="Hotspot"
JVM_VERSION="21.0.10+7-LTS"
IMAGE_TYPE="JDK"

Environment Variables:
JAVA_HOME=C:\Program Files\Eclipse Adoptium\jdk-21.0.10.7-hotspot\
PATH=C:\Users\3020s\OneDrive\Escritorio\8Sem\taller software\runner_taller_desarrollo\node_modules\.bin;C:\Users\3020s\OneDrive\Escritorio\8Sem\taller software\node_modules\.bin;C:\Users\3020s\OneDrive\Escritorio\8Sem\node_modules\.bin;C:\Users\3020s\OneDrive\Escritorio\node_modules\.bin;C:\Users\3020s\OneDrive\node_modules\.bin;C:\Users\3020s\node_modules\.bin;C:\Users\node_modules\.bin;C:\node_modules\.bin;C:\Users\3020s\AppData\Roaming\nvm\v25.2.1\node_modules\npm\node_modules\@npmcli\run-script\lib\node-gyp-bin;C:\Program Files\Eclipse Adoptium\jdk-21.0.10.7-hotspot\bin;c:\devkitPro\msys2\usr\bin;C:\Program Files\Eclipse Adoptium\jdk-17.0.16.8-hotspot\bin;C:\Program Files (x86)\Eclipse Adoptium\jdk-11.0.27.6-hotspot\bin;C:\flutter\flutter\bin;C:\jdk-11.0.21\bin;C:\Windows\system32;C:\Windows;C:\Windows\System32\Wbem;C:\Windows\System32\WindowsPowerShell\v1.0\;C:\Windows\System32\OpenSSH\;C:\Program Files\Microsoft SQL Server\150\Tools\Binn\;C:\Program Files\Microsoft SQL Server\Client SDK\ODBC\170\Tools\Binn\;C:\Program Files\dotnet\;C:\Program Files (x86)\Windows Kits\10\Windows Performance Toolkit\;C:\Program Files\Git\cmd;C:\Users\3020s\AppData\Roaming\nvm;C:\Program Files\nodejs;C:\Program Files\cursor\resources\app\bin;C:\Program Files\Docker\Docker\resources\bin;C:\Tools\apache-maven-3.8.7-bin\bin;C:\Program Files\GTK3-Runtime Win64\bin;C:\Users\3020s\AppData\Local\Programs\Python\Launcher\;C:\Users\3020s\AppData\Local\pnpm;C:\Users\3020s\AppData\Local\Microsoft\WindowsApps;C:\Microsoft VS Code\bin;C:\Users\3020s\.dotnet\tools;C:\Users\3020s\AppData\Local\GitHubDesktop\bin;C:\Users\3020s\AppData\Roaming\npm;C:\Users\3020s\AppData\Roaming\nvm;C:\Program Files\nodejs;C:\Users\3020s\.bun\bin;C:\Users\3020s\AppData\Local\Python\bin;C:\Users\3020s\AppData\Local\Programs\cursor\resources\app\bin
USERNAME=3020s
LANG=en_US.UTF-8
OS=Windows_NT
PROCESSOR_IDENTIFIER=Intel64 Family 6 Model 78 Stepping 3, GenuineIntel
TMP=C:\Users\3020s\AppData\Local\Temp
TEMP=C:\Users\3020s\AppData\Local\Temp




Periodic native trim disabled

---------------  S Y S T E M  ---------------

OS:
 Windows 10 , 64 bit Build 19041 (10.0.19041.5915)
OS uptime: 15 days 7:11 hours
Hyper-V role detected

CPU: total 4 (initial active 4) (2 cores per cpu, 2 threads per core) family 6 model 78 stepping 3 microcode 0xcc, cx8, cmov, fxsr, ht, mmx, 3dnowpref, sse, sse2, sse3, ssse3, sse4.1, sse4.2, popcnt, lzcnt, tsc, tscinvbit, avx, avx2, aes, erms, clmul, bmi1, bmi2, adx, fma, vzeroupper, clflush, clflushopt, hv, rdtscp, f16c
Processor Information for the first 4 processors :
  Max Mhz: 2592, Current Mhz: 2492, Mhz Limit: 2488

Memory: 4k page, system-wide physical 8030M (170M free)
TotalPageFile size 32606M (AvailPageFile size 35M)
current process WorkingSet (physical memory assigned to process): 100M, peak: 226M
current process commit charge ("private bytes"): 300M, peak: 301M

vm_info: OpenJDK 64-Bit Server VM (21.0.10+7-LTS) for windows-amd64 JRE (21.0.10+7-LTS), built on 2026-01-20T00:00:00Z by "admin" with MS VC++ 17.12 (VS2022)

END.
