#
# There is insufficient memory for the Java Runtime Environment to continue.
# Native memory allocation (malloc) failed to allocate 1468336 bytes. Error detail: Chunk::new
# Possible reasons:
#   The system is out of physical RAM or swap space
#   This process is running with CompressedOops enabled, and the Java Heap may be blocking the growth of the native heap
# Possible solutions:
#   Reduce memory load on the system
#   Increase physical memory or swap space
#   Check if swap backing store is full
#   Decrease Java heap size (-Xmx/-Xms)
#   Decrease number of Java threads
#   Decrease Java thread stack sizes (-Xss)
#   Set larger code cache with -XX:ReservedCodeCacheSize=
#   JVM is running with Unscaled Compressed Oops mode in which the Java heap is
#     placed in the first 4GB address space. The Java Heap base address is the
#     maximum limit for the native heap growth. Please use -XX:HeapBaseMinAddress
#     to set the Java Heap base and to place the Java Heap above 4GB virtual address.
# This output file may be truncated or incomplete.
#
#  Out of Memory Error (arena.cpp:168), pid=32004, tid=10168
#
# JRE version: OpenJDK Runtime Environment Temurin-21.0.10+7 (21.0.10+7) (build 21.0.10+7-LTS)
# Java VM: OpenJDK 64-Bit Server VM Temurin-21.0.10+7 (21.0.10+7-LTS, mixed mode, sharing, tiered, compressed oops, compressed class ptrs, g1 gc, windows-amd64)
# No core dump will be written. Minidumps are not enabled by default on client versions of Windows
#

---------------  S U M M A R Y ------------

Command Line: --enable-native-access=ALL-UNNAMED -Dclassworlds.conf=C:\Users\3020s\.m2\wrapper\dists\apache-maven-3.9.14\ed7edd442f634ac1c1ef5ba2b61b6d690b5221091f1a8e1123f5fadcc967520d\bin\m2.conf -Dmaven.home=C:\Users\3020s\.m2\wrapper\dists\apache-maven-3.9.14\ed7edd442f634ac1c1ef5ba2b61b6d690b5221091f1a8e1123f5fadcc967520d -Dlibrary.jansi.path=C:\Users\3020s\.m2\wrapper\dists\apache-maven-3.9.14\ed7edd442f634ac1c1ef5ba2b61b6d690b5221091f1a8e1123f5fadcc967520d\lib\jansi-native -Dmaven.multiModuleProjectDirectory=C:\Users\3020s\OneDrive\Escritorio\8Sem\taller software\Group-C_Droca-Inmob_Backend\property-service org.codehaus.plexus.classworlds.launcher.Launcher clean install -DskipTests spring-boot:run

Host: Intel(R) Core(TM) i7-6500U CPU @ 2.50GHz, 4 cores, 7G,  Windows 10 , 64 bit Build 19041 (10.0.19041.5915)
Time: Mon Jun  8 16:21:51 2026 Hora est. África Central Occid. elapsed time: 193.674528 seconds (0d 0h 3m 13s)

---------------  T H R E A D  ---------------

Current thread (0x00000287791bf0a0):  JavaThread "C2 CompilerThread0" daemon [_thread_in_native, id=10168, stack(0x000000a141400000,0x000000a141500000) (1024K)]


Current CompileTask:
C2:193674 4973       4       org.apache.maven.model.inheritance.DefaultInheritanceAssembler$InheritanceModelMerger::mergePluginContainer_Plugins (433 bytes)

Stack: [0x000000a141400000,0x000000a141500000]
Native frames: (J=compiled Java code, j=interpreted, Vv=VM code, C=native code)
V  [jvm.dll+0x6d7a39]
V  [jvm.dll+0x8b4b26]
V  [jvm.dll+0x8b70de]
V  [jvm.dll+0x8b77c3]
V  [jvm.dll+0x284346]
V  [jvm.dll+0xc66ed]
V  [jvm.dll+0xc6c31]
V  [jvm.dll+0x3bec01]
V  [jvm.dll+0x38b162]
V  [jvm.dll+0x38a5aa]
V  [jvm.dll+0x24c560]
V  [jvm.dll+0x24bb40]
V  [jvm.dll+0x1cb34e]
V  [jvm.dll+0x25b85d]
V  [jvm.dll+0x259dea]
V  [jvm.dll+0x3f857e]
V  [jvm.dll+0x85f59d]
V  [jvm.dll+0x6d626d]
C  [ucrtbase.dll+0x21bb2]
C  [KERNEL32.DLL+0x17374]
C  [ntdll.dll+0x4cc91]


---------------  P R O C E S S  ---------------

Threads class SMR info:
_java_thread_list=0x0000028779c710b0, length=12, elements={
0x0000028769b00a90, 0x00000287791b2690, 0x00000287791b6d20, 0x00000287791b7390,
0x00000287791b7a00, 0x00000287791bc080, 0x00000287791bc6f0, 0x00000287791bf0a0,
0x00000287791c3f10, 0x0000028779332470, 0x0000028779335300, 0x0000028779ae57d0
}

Java Threads: ( => current thread )
  0x0000028769b00a90 JavaThread "main"                              [_thread_in_native, id=14588, stack(0x000000a140500000,0x000000a140600000) (1024K)]
  0x00000287791b2690 JavaThread "Reference Handler"          daemon [_thread_blocked, id=6808, stack(0x000000a140e00000,0x000000a140f00000) (1024K)]
  0x00000287791b6d20 JavaThread "Finalizer"                  daemon [_thread_blocked, id=32196, stack(0x000000a140f00000,0x000000a141000000) (1024K)]
  0x00000287791b7390 JavaThread "Signal Dispatcher"          daemon [_thread_blocked, id=39200, stack(0x000000a141000000,0x000000a141100000) (1024K)]
  0x00000287791b7a00 JavaThread "Attach Listener"            daemon [_thread_blocked, id=1584, stack(0x000000a141100000,0x000000a141200000) (1024K)]
  0x00000287791bc080 JavaThread "Service Thread"             daemon [_thread_blocked, id=41024, stack(0x000000a141200000,0x000000a141300000) (1024K)]
  0x00000287791bc6f0 JavaThread "Monitor Deflation Thread"   daemon [_thread_blocked, id=42916, stack(0x000000a141300000,0x000000a141400000) (1024K)]
=>0x00000287791bf0a0 JavaThread "C2 CompilerThread0"         daemon [_thread_in_native, id=10168, stack(0x000000a141400000,0x000000a141500000) (1024K)]
  0x00000287791c3f10 JavaThread "C1 CompilerThread0"         daemon [_thread_blocked, id=14012, stack(0x000000a141500000,0x000000a141600000) (1024K)]
  0x0000028779332470 JavaThread "Notification Thread"        daemon [_thread_blocked, id=15280, stack(0x000000a141600000,0x000000a141700000) (1024K)]
  0x0000028779335300 JavaThread "Common-Cleaner"             daemon [_thread_blocked, id=38268, stack(0x000000a141700000,0x000000a141800000) (1024K)]
  0x0000028779ae57d0 JavaThread "Thread-1"                   daemon [_thread_blocked, id=33784, stack(0x000000a141c00000,0x000000a141d00000) (1024K)]
Total: 12

Other Threads:
  0x0000028779194920 VMThread "VM Thread"                           [id=25300, stack(0x000000a140c00000,0x000000a140d00000) (1024K)]
  0x0000028779184a60 WatcherThread "VM Periodic Task Thread"        [id=37016, stack(0x000000a140b00000,0x000000a140c00000) (1024K)]
  0x000002876bef6a70 WorkerThread "GC Thread#0"                     [id=36996, stack(0x000000a140600000,0x000000a140700000) (1024K)]
  0x0000028779c27980 WorkerThread "GC Thread#1"                     [id=13440, stack(0x000000a141900000,0x000000a141a00000) (1024K)]
  0x0000028779c27d30 WorkerThread "GC Thread#2"                     [id=12412, stack(0x000000a141a00000,0x000000a141b00000) (1024K)]
  0x0000028779c4afc0 WorkerThread "GC Thread#3"                     [id=25188, stack(0x000000a141b00000,0x000000a141c00000) (1024K)]
  0x000002876bf07710 ConcurrentGCThread "G1 Main Marker"            [id=14192, stack(0x000000a140700000,0x000000a140800000) (1024K)]
  0x000002876bf0b9e0 WorkerThread "G1 Conc#0"                       [id=33060, stack(0x000000a140800000,0x000000a140900000) (1024K)]
  0x000002876bf6e820 ConcurrentGCThread "G1 Refine#0"               [id=5432, stack(0x000000a140900000,0x000000a140a00000) (1024K)]
  0x000002877905c110 ConcurrentGCThread "G1 Service"                [id=25580, stack(0x000000a140a00000,0x000000a140b00000) (1024K)]
Total: 10

Threads with active compile tasks:
C2 CompilerThread0  193774 4973       4       org.apache.maven.model.inheritance.DefaultInheritanceAssembler$InheritanceModelMerger::mergePluginContainer_Plugins (433 bytes)
Total: 1

VM state: not at safepoint (normal execution)

VM Mutex/Monitor currently owned by a thread: None

Heap address: 0x0000000082800000, size: 2008 MB, Compressed Oops mode: 32-bit

CDS archive(s) mapped at: [0x000002870f000000-0x000002870fc80000-0x000002870fc80000), size 13107200, SharedBaseAddress: 0x000002870f000000, ArchiveRelocationMode: 1.
Compressed class space mapped at: 0x0000028710000000-0x0000028750000000, reserved size: 1073741824
Narrow klass base: 0x000002870f000000, Narrow klass shift: 0, Narrow klass range: 0x100000000

GC Precious Log:
 CardTable entry size: 512
 Card Set container configuration: InlinePtr #cards 5 size 8 Array Of Cards #cards 12 size 40 Howl #buckets 4 coarsen threshold 1843 Howl Bitmap #cards 512 size 80 coarsen threshold 460 Card regions per heap region 1 cards per card region 2048
 CPUs: 4 total, 4 available
 Memory: 8030M
 Large Page Support: Disabled
 NUMA Support: Disabled
 Compressed Oops: Enabled (32-bit)
 Heap Region Size: 1M
 Heap Min Capacity: 8M
 Heap Initial Capacity: 126M
 Heap Max Capacity: 2008M
 Pre-touch: Disabled
 Parallel Workers: 4
 Concurrent Workers: 1
 Concurrent Refinement Workers: 4
 Periodic GC: Disabled

Heap:
 garbage-first heap   total 129024K, used 82660K [0x0000000082800000, 0x0000000100000000)
  region size 1024K, 71 young (72704K), 6 survivors (6144K)
 Metaspace       used 17035K, committed 17280K, reserved 1114112K
  class space    used 1913K, committed 1984K, reserved 1048576K

Heap Regions: E=young(eden), S=young(survivor), O=old, HS=humongous(starts), HC=humongous(continues), CS=collection set, F=free, TAMS=top-at-mark-start, PB=parsable bottom
|   0|0x0000000082800000, 0x0000000082900000, 0x0000000082900000|100%| O|  |TAMS 0x0000000082800000| PB 0x0000000082800000| Untracked 
|   1|0x0000000082900000, 0x0000000082a00000, 0x0000000082a00000|100%| O|  |TAMS 0x0000000082900000| PB 0x0000000082900000| Untracked 
|   2|0x0000000082a00000, 0x0000000082b00000, 0x0000000082b00000|100%| O|  |TAMS 0x0000000082a00000| PB 0x0000000082a00000| Untracked 
|   3|0x0000000082b00000, 0x0000000082c00000, 0x0000000082c00000|100%| O|  |TAMS 0x0000000082b00000| PB 0x0000000082b00000| Untracked 
|   4|0x0000000082c00000, 0x0000000082d00000, 0x0000000082d00000|100%| O|  |TAMS 0x0000000082c00000| PB 0x0000000082c00000| Untracked 
|   5|0x0000000082d00000, 0x0000000082e00000, 0x0000000082e00000|100%| O|  |TAMS 0x0000000082d00000| PB 0x0000000082d00000| Untracked 
|   6|0x0000000082e00000, 0x0000000082f00000, 0x0000000082f00000|100%| O|  |TAMS 0x0000000082e00000| PB 0x0000000082e00000| Untracked 
|   7|0x0000000082f00000, 0x0000000083000000, 0x0000000083000000|100%| O|  |TAMS 0x0000000082f00000| PB 0x0000000082f00000| Untracked 
|   8|0x0000000083000000, 0x0000000083100000, 0x0000000083100000|100%| O|  |TAMS 0x0000000083000000| PB 0x0000000083000000| Untracked 
|   9|0x0000000083100000, 0x0000000083200000, 0x0000000083200000|100%| O|  |TAMS 0x0000000083100000| PB 0x0000000083100000| Untracked 
|  10|0x0000000083200000, 0x00000000832f6f40, 0x0000000083300000| 96%| O|  |TAMS 0x0000000083200000| PB 0x0000000083200000| Untracked 
|  11|0x0000000083300000, 0x0000000083300000, 0x0000000083400000|  0%| F|  |TAMS 0x0000000083300000| PB 0x0000000083300000| Untracked 
|  12|0x0000000083400000, 0x0000000083400000, 0x0000000083500000|  0%| F|  |TAMS 0x0000000083400000| PB 0x0000000083400000| Untracked 
|  13|0x0000000083500000, 0x0000000083500000, 0x0000000083600000|  0%| F|  |TAMS 0x0000000083500000| PB 0x0000000083500000| Untracked 
|  14|0x0000000083600000, 0x0000000083600000, 0x0000000083700000|  0%| F|  |TAMS 0x0000000083600000| PB 0x0000000083600000| Untracked 
|  15|0x0000000083700000, 0x0000000083700000, 0x0000000083800000|  0%| F|  |TAMS 0x0000000083700000| PB 0x0000000083700000| Untracked 
|  16|0x0000000083800000, 0x0000000083800000, 0x0000000083900000|  0%| F|  |TAMS 0x0000000083800000| PB 0x0000000083800000| Untracked 
|  17|0x0000000083900000, 0x0000000083900000, 0x0000000083a00000|  0%| F|  |TAMS 0x0000000083900000| PB 0x0000000083900000| Untracked 
|  18|0x0000000083a00000, 0x0000000083a00000, 0x0000000083b00000|  0%| F|  |TAMS 0x0000000083a00000| PB 0x0000000083a00000| Untracked 
|  19|0x0000000083b00000, 0x0000000083b00000, 0x0000000083c00000|  0%| F|  |TAMS 0x0000000083b00000| PB 0x0000000083b00000| Untracked 
|  20|0x0000000083c00000, 0x0000000083c00000, 0x0000000083d00000|  0%| F|  |TAMS 0x0000000083c00000| PB 0x0000000083c00000| Untracked 
|  21|0x0000000083d00000, 0x0000000083d00000, 0x0000000083e00000|  0%| F|  |TAMS 0x0000000083d00000| PB 0x0000000083d00000| Untracked 
|  22|0x0000000083e00000, 0x0000000083e00000, 0x0000000083f00000|  0%| F|  |TAMS 0x0000000083e00000| PB 0x0000000083e00000| Untracked 
|  23|0x0000000083f00000, 0x0000000083f00000, 0x0000000084000000|  0%| F|  |TAMS 0x0000000083f00000| PB 0x0000000083f00000| Untracked 
|  24|0x0000000084000000, 0x0000000084000000, 0x0000000084100000|  0%| F|  |TAMS 0x0000000084000000| PB 0x0000000084000000| Untracked 
|  25|0x0000000084100000, 0x0000000084100000, 0x0000000084200000|  0%| F|  |TAMS 0x0000000084100000| PB 0x0000000084100000| Untracked 
|  26|0x0000000084200000, 0x0000000084200000, 0x0000000084300000|  0%| F|  |TAMS 0x0000000084200000| PB 0x0000000084200000| Untracked 
|  27|0x0000000084300000, 0x0000000084300000, 0x0000000084400000|  0%| F|  |TAMS 0x0000000084300000| PB 0x0000000084300000| Untracked 
|  28|0x0000000084400000, 0x0000000084400000, 0x0000000084500000|  0%| F|  |TAMS 0x0000000084400000| PB 0x0000000084400000| Untracked 
|  29|0x0000000084500000, 0x0000000084500000, 0x0000000084600000|  0%| F|  |TAMS 0x0000000084500000| PB 0x0000000084500000| Untracked 
|  30|0x0000000084600000, 0x0000000084600000, 0x0000000084700000|  0%| F|  |TAMS 0x0000000084600000| PB 0x0000000084600000| Untracked 
|  31|0x0000000084700000, 0x0000000084700000, 0x0000000084800000|  0%| F|  |TAMS 0x0000000084700000| PB 0x0000000084700000| Untracked 
|  32|0x0000000084800000, 0x0000000084800000, 0x0000000084900000|  0%| F|  |TAMS 0x0000000084800000| PB 0x0000000084800000| Untracked 
|  33|0x0000000084900000, 0x0000000084900000, 0x0000000084a00000|  0%| F|  |TAMS 0x0000000084900000| PB 0x0000000084900000| Untracked 
|  34|0x0000000084a00000, 0x0000000084a00000, 0x0000000084b00000|  0%| F|  |TAMS 0x0000000084a00000| PB 0x0000000084a00000| Untracked 
|  35|0x0000000084b00000, 0x0000000084b00000, 0x0000000084c00000|  0%| F|  |TAMS 0x0000000084b00000| PB 0x0000000084b00000| Untracked 
|  36|0x0000000084c00000, 0x0000000084c00000, 0x0000000084d00000|  0%| F|  |TAMS 0x0000000084c00000| PB 0x0000000084c00000| Untracked 
|  37|0x0000000084d00000, 0x0000000084d00000, 0x0000000084e00000|  0%| F|  |TAMS 0x0000000084d00000| PB 0x0000000084d00000| Untracked 
|  38|0x0000000084e00000, 0x0000000084e00000, 0x0000000084f00000|  0%| F|  |TAMS 0x0000000084e00000| PB 0x0000000084e00000| Untracked 
|  39|0x0000000084f00000, 0x0000000084f00000, 0x0000000085000000|  0%| F|  |TAMS 0x0000000084f00000| PB 0x0000000084f00000| Untracked 
|  40|0x0000000085000000, 0x0000000085000000, 0x0000000085100000|  0%| F|  |TAMS 0x0000000085000000| PB 0x0000000085000000| Untracked 
|  41|0x0000000085100000, 0x0000000085100000, 0x0000000085200000|  0%| F|  |TAMS 0x0000000085100000| PB 0x0000000085100000| Untracked 
|  42|0x0000000085200000, 0x0000000085200000, 0x0000000085300000|  0%| F|  |TAMS 0x0000000085200000| PB 0x0000000085200000| Untracked 
|  43|0x0000000085300000, 0x0000000085300000, 0x0000000085400000|  0%| F|  |TAMS 0x0000000085300000| PB 0x0000000085300000| Untracked 
|  44|0x0000000085400000, 0x0000000085400000, 0x0000000085500000|  0%| F|  |TAMS 0x0000000085400000| PB 0x0000000085400000| Untracked 
|  45|0x0000000085500000, 0x0000000085500000, 0x0000000085600000|  0%| F|  |TAMS 0x0000000085500000| PB 0x0000000085500000| Untracked 
|  46|0x0000000085600000, 0x0000000085600000, 0x0000000085700000|  0%| F|  |TAMS 0x0000000085600000| PB 0x0000000085600000| Untracked 
|  47|0x0000000085700000, 0x0000000085700000, 0x0000000085800000|  0%| F|  |TAMS 0x0000000085700000| PB 0x0000000085700000| Untracked 
|  48|0x0000000085800000, 0x0000000085800000, 0x0000000085900000|  0%| F|  |TAMS 0x0000000085800000| PB 0x0000000085800000| Untracked 
|  49|0x0000000085900000, 0x0000000085900000, 0x0000000085a00000|  0%| F|  |TAMS 0x0000000085900000| PB 0x0000000085900000| Untracked 
|  50|0x0000000085a00000, 0x0000000085a00000, 0x0000000085b00000|  0%| F|  |TAMS 0x0000000085a00000| PB 0x0000000085a00000| Untracked 
|  51|0x0000000085b00000, 0x0000000085b00000, 0x0000000085c00000|  0%| F|  |TAMS 0x0000000085b00000| PB 0x0000000085b00000| Untracked 
|  52|0x0000000085c00000, 0x0000000085c00000, 0x0000000085d00000|  0%| F|  |TAMS 0x0000000085c00000| PB 0x0000000085c00000| Untracked 
|  53|0x0000000085d00000, 0x0000000085dc2150, 0x0000000085e00000| 75%| S|CS|TAMS 0x0000000085d00000| PB 0x0000000085d00000| Complete 
|  54|0x0000000085e00000, 0x0000000085f00000, 0x0000000085f00000|100%| S|CS|TAMS 0x0000000085e00000| PB 0x0000000085e00000| Complete 
|  55|0x0000000085f00000, 0x0000000086000000, 0x0000000086000000|100%| S|CS|TAMS 0x0000000085f00000| PB 0x0000000085f00000| Complete 
|  56|0x0000000086000000, 0x0000000086100000, 0x0000000086100000|100%| S|CS|TAMS 0x0000000086000000| PB 0x0000000086000000| Complete 
|  57|0x0000000086100000, 0x0000000086200000, 0x0000000086200000|100%| S|CS|TAMS 0x0000000086100000| PB 0x0000000086100000| Complete 
|  58|0x0000000086200000, 0x0000000086300000, 0x0000000086300000|100%| S|CS|TAMS 0x0000000086200000| PB 0x0000000086200000| Complete 
|  59|0x0000000086300000, 0x0000000086300000, 0x0000000086400000|  0%| F|  |TAMS 0x0000000086300000| PB 0x0000000086300000| Untracked 
|  60|0x0000000086400000, 0x0000000086400000, 0x0000000086500000|  0%| F|  |TAMS 0x0000000086400000| PB 0x0000000086400000| Untracked 
|  61|0x0000000086500000, 0x0000000086600000, 0x0000000086600000|100%| E|  |TAMS 0x0000000086500000| PB 0x0000000086500000| Complete 
|  62|0x0000000086600000, 0x0000000086700000, 0x0000000086700000|100%| E|CS|TAMS 0x0000000086600000| PB 0x0000000086600000| Complete 
|  63|0x0000000086700000, 0x0000000086800000, 0x0000000086800000|100%| E|CS|TAMS 0x0000000086700000| PB 0x0000000086700000| Complete 
|  64|0x0000000086800000, 0x0000000086900000, 0x0000000086900000|100%| E|CS|TAMS 0x0000000086800000| PB 0x0000000086800000| Complete 
|  65|0x0000000086900000, 0x0000000086a00000, 0x0000000086a00000|100%| E|CS|TAMS 0x0000000086900000| PB 0x0000000086900000| Complete 
|  66|0x0000000086a00000, 0x0000000086b00000, 0x0000000086b00000|100%| E|CS|TAMS 0x0000000086a00000| PB 0x0000000086a00000| Complete 
|  67|0x0000000086b00000, 0x0000000086c00000, 0x0000000086c00000|100%| E|CS|TAMS 0x0000000086b00000| PB 0x0000000086b00000| Complete 
|  68|0x0000000086c00000, 0x0000000086d00000, 0x0000000086d00000|100%| E|CS|TAMS 0x0000000086c00000| PB 0x0000000086c00000| Complete 
|  69|0x0000000086d00000, 0x0000000086e00000, 0x0000000086e00000|100%| E|CS|TAMS 0x0000000086d00000| PB 0x0000000086d00000| Complete 
|  70|0x0000000086e00000, 0x0000000086f00000, 0x0000000086f00000|100%| E|CS|TAMS 0x0000000086e00000| PB 0x0000000086e00000| Complete 
|  71|0x0000000086f00000, 0x0000000087000000, 0x0000000087000000|100%| E|CS|TAMS 0x0000000086f00000| PB 0x0000000086f00000| Complete 
|  72|0x0000000087000000, 0x0000000087100000, 0x0000000087100000|100%| E|CS|TAMS 0x0000000087000000| PB 0x0000000087000000| Complete 
|  73|0x0000000087100000, 0x0000000087200000, 0x0000000087200000|100%| E|CS|TAMS 0x0000000087100000| PB 0x0000000087100000| Complete 
|  74|0x0000000087200000, 0x0000000087300000, 0x0000000087300000|100%| E|CS|TAMS 0x0000000087200000| PB 0x0000000087200000| Complete 
|  75|0x0000000087300000, 0x0000000087400000, 0x0000000087400000|100%| E|CS|TAMS 0x0000000087300000| PB 0x0000000087300000| Complete 
|  76|0x0000000087400000, 0x0000000087500000, 0x0000000087500000|100%| E|CS|TAMS 0x0000000087400000| PB 0x0000000087400000| Complete 
|  77|0x0000000087500000, 0x0000000087600000, 0x0000000087600000|100%| E|CS|TAMS 0x0000000087500000| PB 0x0000000087500000| Complete 
|  78|0x0000000087600000, 0x0000000087700000, 0x0000000087700000|100%| E|CS|TAMS 0x0000000087600000| PB 0x0000000087600000| Complete 
|  79|0x0000000087700000, 0x0000000087800000, 0x0000000087800000|100%| E|CS|TAMS 0x0000000087700000| PB 0x0000000087700000| Complete 
|  80|0x0000000087800000, 0x0000000087900000, 0x0000000087900000|100%| E|CS|TAMS 0x0000000087800000| PB 0x0000000087800000| Complete 
|  81|0x0000000087900000, 0x0000000087a00000, 0x0000000087a00000|100%| E|CS|TAMS 0x0000000087900000| PB 0x0000000087900000| Complete 
|  82|0x0000000087a00000, 0x0000000087b00000, 0x0000000087b00000|100%| E|CS|TAMS 0x0000000087a00000| PB 0x0000000087a00000| Complete 
|  83|0x0000000087b00000, 0x0000000087c00000, 0x0000000087c00000|100%| E|CS|TAMS 0x0000000087b00000| PB 0x0000000087b00000| Complete 
|  84|0x0000000087c00000, 0x0000000087d00000, 0x0000000087d00000|100%| E|CS|TAMS 0x0000000087c00000| PB 0x0000000087c00000| Complete 
|  85|0x0000000087d00000, 0x0000000087e00000, 0x0000000087e00000|100%| E|CS|TAMS 0x0000000087d00000| PB 0x0000000087d00000| Complete 
|  86|0x0000000087e00000, 0x0000000087f00000, 0x0000000087f00000|100%| E|CS|TAMS 0x0000000087e00000| PB 0x0000000087e00000| Complete 
|  87|0x0000000087f00000, 0x0000000088000000, 0x0000000088000000|100%| E|CS|TAMS 0x0000000087f00000| PB 0x0000000087f00000| Complete 
|  88|0x0000000088000000, 0x0000000088100000, 0x0000000088100000|100%| E|CS|TAMS 0x0000000088000000| PB 0x0000000088000000| Complete 
|  89|0x0000000088100000, 0x0000000088200000, 0x0000000088200000|100%| E|CS|TAMS 0x0000000088100000| PB 0x0000000088100000| Complete 
|  90|0x0000000088200000, 0x0000000088300000, 0x0000000088300000|100%| E|CS|TAMS 0x0000000088200000| PB 0x0000000088200000| Complete 
|  91|0x0000000088300000, 0x0000000088400000, 0x0000000088400000|100%| E|CS|TAMS 0x0000000088300000| PB 0x0000000088300000| Complete 
|  92|0x0000000088400000, 0x0000000088500000, 0x0000000088500000|100%| E|CS|TAMS 0x0000000088400000| PB 0x0000000088400000| Complete 
|  93|0x0000000088500000, 0x0000000088600000, 0x0000000088600000|100%| E|CS|TAMS 0x0000000088500000| PB 0x0000000088500000| Complete 
|  94|0x0000000088600000, 0x0000000088700000, 0x0000000088700000|100%| E|CS|TAMS 0x0000000088600000| PB 0x0000000088600000| Complete 
|  95|0x0000000088700000, 0x0000000088800000, 0x0000000088800000|100%| E|CS|TAMS 0x0000000088700000| PB 0x0000000088700000| Complete 
|  96|0x0000000088800000, 0x0000000088900000, 0x0000000088900000|100%| E|CS|TAMS 0x0000000088800000| PB 0x0000000088800000| Complete 
|  97|0x0000000088900000, 0x0000000088a00000, 0x0000000088a00000|100%| E|CS|TAMS 0x0000000088900000| PB 0x0000000088900000| Complete 
|  98|0x0000000088a00000, 0x0000000088b00000, 0x0000000088b00000|100%| E|CS|TAMS 0x0000000088a00000| PB 0x0000000088a00000| Complete 
|  99|0x0000000088b00000, 0x0000000088c00000, 0x0000000088c00000|100%| E|CS|TAMS 0x0000000088b00000| PB 0x0000000088b00000| Complete 
| 100|0x0000000088c00000, 0x0000000088d00000, 0x0000000088d00000|100%| E|CS|TAMS 0x0000000088c00000| PB 0x0000000088c00000| Complete 
| 101|0x0000000088d00000, 0x0000000088e00000, 0x0000000088e00000|100%| E|CS|TAMS 0x0000000088d00000| PB 0x0000000088d00000| Complete 
| 102|0x0000000088e00000, 0x0000000088f00000, 0x0000000088f00000|100%| E|CS|TAMS 0x0000000088e00000| PB 0x0000000088e00000| Complete 
| 103|0x0000000088f00000, 0x0000000089000000, 0x0000000089000000|100%| E|CS|TAMS 0x0000000088f00000| PB 0x0000000088f00000| Complete 
| 104|0x0000000089000000, 0x0000000089100000, 0x0000000089100000|100%| E|CS|TAMS 0x0000000089000000| PB 0x0000000089000000| Complete 
| 105|0x0000000089100000, 0x0000000089200000, 0x0000000089200000|100%| E|CS|TAMS 0x0000000089100000| PB 0x0000000089100000| Complete 
| 106|0x0000000089200000, 0x0000000089300000, 0x0000000089300000|100%| E|CS|TAMS 0x0000000089200000| PB 0x0000000089200000| Complete 
| 107|0x0000000089300000, 0x0000000089400000, 0x0000000089400000|100%| E|CS|TAMS 0x0000000089300000| PB 0x0000000089300000| Complete 
| 108|0x0000000089400000, 0x0000000089500000, 0x0000000089500000|100%| E|CS|TAMS 0x0000000089400000| PB 0x0000000089400000| Complete 
| 109|0x0000000089500000, 0x0000000089600000, 0x0000000089600000|100%| E|CS|TAMS 0x0000000089500000| PB 0x0000000089500000| Complete 
| 110|0x0000000089600000, 0x0000000089700000, 0x0000000089700000|100%| E|CS|TAMS 0x0000000089600000| PB 0x0000000089600000| Complete 
| 111|0x0000000089700000, 0x0000000089800000, 0x0000000089800000|100%| E|CS|TAMS 0x0000000089700000| PB 0x0000000089700000| Complete 
| 112|0x0000000089800000, 0x0000000089900000, 0x0000000089900000|100%| E|CS|TAMS 0x0000000089800000| PB 0x0000000089800000| Complete 
| 113|0x0000000089900000, 0x0000000089a00000, 0x0000000089a00000|100%| E|CS|TAMS 0x0000000089900000| PB 0x0000000089900000| Complete 
| 114|0x0000000089a00000, 0x0000000089b00000, 0x0000000089b00000|100%| E|CS|TAMS 0x0000000089a00000| PB 0x0000000089a00000| Complete 
| 115|0x0000000089b00000, 0x0000000089c00000, 0x0000000089c00000|100%| E|CS|TAMS 0x0000000089b00000| PB 0x0000000089b00000| Complete 
| 116|0x0000000089c00000, 0x0000000089d00000, 0x0000000089d00000|100%| E|CS|TAMS 0x0000000089c00000| PB 0x0000000089c00000| Complete 
| 117|0x0000000089d00000, 0x0000000089e00000, 0x0000000089e00000|100%| E|CS|TAMS 0x0000000089d00000| PB 0x0000000089d00000| Complete 
| 118|0x0000000089e00000, 0x0000000089f00000, 0x0000000089f00000|100%| E|CS|TAMS 0x0000000089e00000| PB 0x0000000089e00000| Complete 
| 119|0x0000000089f00000, 0x000000008a000000, 0x000000008a000000|100%| E|CS|TAMS 0x0000000089f00000| PB 0x0000000089f00000| Complete 
| 120|0x000000008a000000, 0x000000008a100000, 0x000000008a100000|100%| E|CS|TAMS 0x000000008a000000| PB 0x000000008a000000| Complete 
| 121|0x000000008a100000, 0x000000008a200000, 0x000000008a200000|100%| E|CS|TAMS 0x000000008a100000| PB 0x000000008a100000| Complete 
| 122|0x000000008a200000, 0x000000008a300000, 0x000000008a300000|100%| E|CS|TAMS 0x000000008a200000| PB 0x000000008a200000| Complete 
| 123|0x000000008a300000, 0x000000008a400000, 0x000000008a400000|100%| E|CS|TAMS 0x000000008a300000| PB 0x000000008a300000| Complete 
| 124|0x000000008a400000, 0x000000008a500000, 0x000000008a500000|100%| E|CS|TAMS 0x000000008a400000| PB 0x000000008a400000| Complete 
| 125|0x000000008a500000, 0x000000008a600000, 0x000000008a600000|100%| E|CS|TAMS 0x000000008a500000| PB 0x000000008a500000| Complete 

Card table byte_map: [0x00000287749b0000,0x0000028774da0000] _byte_map_base: 0x000002877459c000

Marking Bits: (CMBitMap*) 0x000002876bef7180
 Bits: [0x0000028774da0000, 0x0000028776d00000)

Polling page: 0x0000028769cc0000

Metaspace:

Usage:
  Non-class:     14.77 MB used.
      Class:      1.87 MB used.
       Both:     16.64 MB used.

Virtual space:
  Non-class space:       64.00 MB reserved,      14.94 MB ( 23%) committed,  1 nodes.
      Class space:        1.00 GB reserved,       1.94 MB ( <1%) committed,  1 nodes.
             Both:        1.06 GB reserved,      16.88 MB (  2%) committed. 

Chunk freelists:
   Non-Class:  992.00 KB
       Class:  13.88 MB
        Both:  14.85 MB

MaxMetaspaceSize: unlimited
CompressedClassSpaceSize: 1.00 GB
Initial GC threshold: 21.00 MB
Current GC threshold: 21.00 MB
CDS: on
 - commit_granule_bytes: 65536.
 - commit_granule_words: 8192.
 - virtual_space_node_default_size: 8388608.
 - enlarge_chunks_in_place: 1.
 - use_allocation_guard: 0.


Internal statistics:

num_allocs_failed_limit: 0.
num_arena_births: 142.
num_arena_deaths: 0.
num_vsnodes_births: 2.
num_vsnodes_deaths: 0.
num_space_committed: 270.
num_space_uncommitted: 0.
num_chunks_returned_to_freelist: 0.
num_chunks_taken_from_freelist: 733.
num_chunk_merges: 0.
num_chunk_splits: 501.
num_chunks_enlarged: 403.
num_inconsistent_stats: 0.

CodeHeap 'non-profiled nmethods': size=120000Kb used=2782Kb max_used=2782Kb free=117217Kb
 bounds [0x0000028707ad0000, 0x0000028707d90000, 0x000002870f000000]
CodeHeap 'profiled nmethods': size=120000Kb used=10962Kb max_used=10962Kb free=109038Kb
 bounds [0x0000028700000000, 0x0000028700ac0000, 0x0000028707530000]
CodeHeap 'non-nmethods': size=5760Kb used=1322Kb max_used=1402Kb free=4437Kb
 bounds [0x0000028707530000, 0x00000287077a0000, 0x0000028707ad0000]
CodeCache: size=245760Kb, used=15066Kb, max_used=15146Kb, free=230692Kb
 total_blobs=5514, nmethods=5030, adapters=388, full_count=0
Compilation: enabled, stopped_count=0, restarted_count=0

Compilation events (20 events):
Event: 193.515 Thread 0x00000287791c3f10 5036       2       org.eclipse.aether.util.graph.transformer.ConflictResolver$State::add (85 bytes)
Event: 193.515 Thread 0x00000287791c3f10 nmethod 5036 0x0000028700ab1990 code [0x0000028700ab1be0, 0x0000028700ab20d8]
Event: 193.517 Thread 0x00000287791c3f10 5037       2       org.eclipse.aether.util.graph.transformer.ConflictResolver$ConflictItem::getScopes (29 bytes)
Event: 193.517 Thread 0x00000287791c3f10 nmethod 5037 0x0000028700ab2390 code [0x0000028700ab2540, 0x0000028700ab2810]
Event: 193.522 Thread 0x00000287791c3f10 5039       2       org.eclipse.aether.util.graph.transformer.JavaScopeDeriver::getDerivedScope (100 bytes)
Event: 193.523 Thread 0x00000287791c3f10 nmethod 5039 0x0000028700ab2910 code [0x0000028700ab2b00, 0x0000028700ab2da8]
Event: 193.571 Thread 0x00000287791c3f10 5041       1       org.eclipse.aether.graph.DefaultDependencyNode::getRequestContext (5 bytes)
Event: 193.571 Thread 0x00000287791c3f10 nmethod 5041 0x0000028707d87110 code [0x0000028707d872a0, 0x0000028707d87368]
Event: 193.584 Thread 0x00000287791c3f10 5042       2       org.eclipse.aether.resolution.ArtifactRequest::setRequestContext (19 bytes)
Event: 193.584 Thread 0x00000287791c3f10 nmethod 5042 0x0000028700ab2f90 code [0x0000028700ab3140, 0x0000028700ab32e0]
Event: 193.584 Thread 0x00000287791c3f10 5043       2       org.eclipse.aether.util.graph.visitor.Stack::push (61 bytes)
Event: 193.585 Thread 0x00000287791c3f10 nmethod 5043 0x0000028700ab3390 code [0x0000028700ab3560, 0x0000028700ab3910]
Event: 193.585 Thread 0x00000287791c3f10 5044       2       org.eclipse.aether.util.graph.visitor.Stack::pop (32 bytes)
Event: 193.585 Thread 0x00000287791c3f10 nmethod 5044 0x0000028700ab3a90 code [0x0000028700ab3c40, 0x0000028700ab3e48]
Event: 193.585 Thread 0x00000287791c3f10 5045       2       org.eclipse.aether.util.filter.AndDependencyFilter::accept (63 bytes)
Event: 193.586 Thread 0x00000287791c3f10 nmethod 5045 0x0000028700ab3f90 code [0x0000028700ab41a0, 0x0000028700ab4608]
Event: 193.586 Thread 0x00000287791c3f10 5046       1       org.eclipse.aether.graph.DefaultDependencyNode::getRepositories (5 bytes)
Event: 193.586 Thread 0x00000287791c3f10 nmethod 5046 0x0000028707d87410 code [0x0000028707d875a0, 0x0000028707d87668]
Event: 193.586 Thread 0x00000287791c3f10 5047       1       org.eclipse.aether.internal.impl.ArtifactRequestBuilder::visitLeave (2 bytes)
Event: 193.586 Thread 0x00000287791c3f10 nmethod 5047 0x0000028707d87710 code [0x0000028707d878a0, 0x0000028707d87968]

GC Heap History (8 events):
Event: 14.397 GC heap before
{Heap before GC invocations=0 (full 0):
 garbage-first heap   total 129024K, used 13312K [0x0000000082800000, 0x0000000100000000)
  region size 1024K, 13 young (13312K), 0 survivors (0K)
 Metaspace       used 3541K, committed 3712K, reserved 1114112K
  class space    used 361K, committed 448K, reserved 1048576K
}
Event: 14.471 GC heap after
{Heap after GC invocations=1 (full 0):
 garbage-first heap   total 129024K, used 3242K [0x0000000082800000, 0x0000000100000000)
  region size 1024K, 2 young (2048K), 2 survivors (2048K)
 Metaspace       used 3541K, committed 3712K, reserved 1114112K
  class space    used 361K, committed 448K, reserved 1048576K
}
Event: 17.674 GC heap before
{Heap before GC invocations=1 (full 0):
 garbage-first heap   total 129024K, used 19626K [0x0000000082800000, 0x0000000100000000)
  region size 1024K, 18 young (18432K), 2 survivors (2048K)
 Metaspace       used 6111K, committed 6272K, reserved 1114112K
  class space    used 716K, committed 832K, reserved 1048576K
}
Event: 17.680 GC heap after
{Heap after GC invocations=2 (full 0):
 garbage-first heap   total 129024K, used 4271K [0x0000000082800000, 0x0000000100000000)
  region size 1024K, 1 young (1024K), 1 survivors (1024K)
 Metaspace       used 6111K, committed 6272K, reserved 1114112K
  class space    used 716K, committed 832K, reserved 1048576K
}
Event: 48.759 GC heap before
{Heap before GC invocations=2 (full 0):
 garbage-first heap   total 129024K, used 79023K [0x0000000082800000, 0x0000000100000000)
  region size 1024K, 75 young (76800K), 1 survivors (1024K)
 Metaspace       used 15570K, committed 15808K, reserved 1114112K
  class space    used 1852K, committed 1920K, reserved 1048576K
}
Event: 48.776 GC heap after
{Heap after GC invocations=3 (full 0):
 garbage-first heap   total 129024K, used 11365K [0x0000000082800000, 0x0000000100000000)
  region size 1024K, 8 young (8192K), 8 survivors (8192K)
 Metaspace       used 15570K, committed 15808K, reserved 1114112K
  class space    used 1852K, committed 1920K, reserved 1048576K
}
Event: 182.718 GC heap before
{Heap before GC invocations=3 (full 0):
 garbage-first heap   total 129024K, used 79973K [0x0000000082800000, 0x0000000100000000)
  region size 1024K, 75 young (76800K), 8 survivors (8192K)
 Metaspace       used 16561K, committed 16832K, reserved 1114112K
  class space    used 1899K, committed 1984K, reserved 1048576K
}
Event: 182.836 GC heap after
{Heap after GC invocations=4 (full 0):
 garbage-first heap   total 129024K, used 17124K [0x0000000082800000, 0x0000000100000000)
  region size 1024K, 6 young (6144K), 6 survivors (6144K)
 Metaspace       used 16561K, committed 16832K, reserved 1114112K
  class space    used 1899K, committed 1984K, reserved 1048576K
}

Dll operation events (8 events):
Event: 0.015 Loaded shared library C:\Program Files\Eclipse Adoptium\jdk-21.0.10.7-hotspot\bin\java.dll
Event: 0.104 Loaded shared library C:\Program Files\Eclipse Adoptium\jdk-21.0.10.7-hotspot\bin\jsvml.dll
Event: 0.232 Loaded shared library C:\Program Files\Eclipse Adoptium\jdk-21.0.10.7-hotspot\bin\net.dll
Event: 0.301 Loaded shared library C:\Program Files\Eclipse Adoptium\jdk-21.0.10.7-hotspot\bin\nio.dll
Event: 0.760 Loaded shared library C:\Program Files\Eclipse Adoptium\jdk-21.0.10.7-hotspot\bin\zip.dll
Event: 8.368 Loaded shared library C:\Users\3020s\.m2\wrapper\dists\apache-maven-3.9.14\ed7edd442f634ac1c1ef5ba2b61b6d690b5221091f1a8e1123f5fadcc967520d\lib\jansi-native\Windows\x86_64\jansi.dll
Event: 8.422 Loaded shared library C:\Program Files\Eclipse Adoptium\jdk-21.0.10.7-hotspot\bin\verify.dll
Event: 8.776 Loaded shared library C:\Program Files\Eclipse Adoptium\jdk-21.0.10.7-hotspot\bin\jimage.dll

Deoptimization events (20 events):
Event: 189.861 Thread 0x0000028769b00a90 DEOPT PACKING pc=0x0000028707d61484 sp=0x000000a1405fc660
Event: 189.861 Thread 0x0000028769b00a90 DEOPT UNPACKING pc=0x0000028707584422 sp=0x000000a1405fc5d8 mode 2
Event: 192.851 Thread 0x0000028769b00a90 Uncommon trap: trap_request=0xffffff45 fr.pc=0x0000028707d77840 relative=0x00000000000035e0
Event: 192.851 Thread 0x0000028769b00a90 Uncommon trap: reason=unstable_if action=reinterpret pc=0x0000028707d77840 method=org.apache.maven.model.io.xpp3.MavenXpp3Reader.parseDependency(Lorg/codehaus/plexus/util/xml/pull/XmlPullParser;Z)Lorg/apache/maven/model/Dependency; @ 331 c2
Event: 192.851 Thread 0x0000028769b00a90 DEOPT PACKING pc=0x0000028707d77840 sp=0x000000a1405fc850
Event: 192.851 Thread 0x0000028769b00a90 DEOPT UNPACKING pc=0x0000028707584422 sp=0x000000a1405fc878 mode 2
Event: 193.321 Thread 0x0000028769b00a90 Uncommon trap: trap_request=0xffffff45 fr.pc=0x0000028707caefbc relative=0x000000000000027c
Event: 193.321 Thread 0x0000028769b00a90 Uncommon trap: reason=unstable_if action=reinterpret pc=0x0000028707caefbc method=java.util.HashMap.getNode(Ljava/lang/Object;)Ljava/util/HashMap$Node; @ 57 c2
Event: 193.321 Thread 0x0000028769b00a90 DEOPT PACKING pc=0x0000028707caefbc sp=0x000000a1405fdb50
Event: 193.321 Thread 0x0000028769b00a90 DEOPT UNPACKING pc=0x0000028707584422 sp=0x000000a1405fda60 mode 2
Event: 193.321 Thread 0x0000028769b00a90 Uncommon trap: trap_request=0xffffff45 fr.pc=0x0000028707ca5c40 relative=0x0000000000000280
Event: 193.321 Thread 0x0000028769b00a90 Uncommon trap: reason=unstable_if action=reinterpret pc=0x0000028707ca5c40 method=java.util.HashMap.getNode(Ljava/lang/Object;)Ljava/util/HashMap$Node; @ 57 c2
Event: 193.321 Thread 0x0000028769b00a90 DEOPT PACKING pc=0x0000028707ca5c40 sp=0x000000a1405fdae0
Event: 193.321 Thread 0x0000028769b00a90 DEOPT UNPACKING pc=0x0000028707584422 sp=0x000000a1405fda60 mode 2
Event: 193.322 Thread 0x0000028769b00a90 Uncommon trap: trap_request=0xffffff45 fr.pc=0x0000028707b58b54 relative=0x00000000000000b4
Event: 193.322 Thread 0x0000028769b00a90 Uncommon trap: reason=unstable_if action=reinterpret pc=0x0000028707b58b54 method=java.util.HashMap.hash(Ljava/lang/Object;)I @ 1 c2
Event: 193.322 Thread 0x0000028769b00a90 DEOPT PACKING pc=0x0000028707b58b54 sp=0x000000a1405fda50
Event: 193.322 Thread 0x0000028769b00a90 DEOPT UNPACKING pc=0x0000028707584422 sp=0x000000a1405fd9e8 mode 2
Event: 193.345 Thread 0x0000028769b00a90 DEOPT PACKING pc=0x0000028700aaf1f3 sp=0x000000a1405fdbe0
Event: 193.345 Thread 0x0000028769b00a90 DEOPT UNPACKING pc=0x0000028707584bc2 sp=0x000000a1405fd078 mode 0

Classes loaded (20 events):
Event: 33.185 Loading class java/util/StringTokenizer
Event: 33.215 Loading class java/util/StringTokenizer done
Event: 33.233 Loading class sun/invoke/util/ValueConversions$1
Event: 33.259 Loading class sun/invoke/util/ValueConversions$1 done
Event: 33.261 Loading class java/lang/invoke/BoundMethodHandle$Species_LI
Event: 33.261 Loading class java/lang/invoke/BoundMethodHandle$Species_LI done
Event: 33.763 Loading class java/util/stream/Streams$RangeIntSpliterator
Event: 33.785 Loading class java/util/stream/Streams$RangeIntSpliterator done
Event: 48.571 Loading class java/util/stream/MatchOps$MatchKind
Event: 48.591 Loading class java/util/stream/MatchOps$MatchKind done
Event: 48.591 Loading class java/util/stream/MatchOps
Event: 48.613 Loading class java/util/stream/MatchOps done
Event: 48.614 Loading class java/util/stream/MatchOps$MatchOp
Event: 48.630 Loading class java/util/stream/MatchOps$MatchOp done
Event: 48.630 Loading class java/util/stream/MatchOps$BooleanTerminalSink
Event: 48.631 Loading class java/util/stream/MatchOps$BooleanTerminalSink done
Event: 48.631 Loading class java/util/stream/MatchOps$1MatchSink
Event: 48.648 Loading class java/util/stream/MatchOps$1MatchSink done
Event: 182.885 Loading class sun/nio/cs/ISO_8859_1$Decoder
Event: 182.890 Loading class sun/nio/cs/ISO_8859_1$Decoder done

Classes unloaded (0 events):
No events

Classes redefined (0 events):
No events

Internal exceptions (20 events):
Event: 25.586 Thread 0x0000028769b00a90 Implicit null exception at 0x0000028707b550da to 0x0000028707b552d8
Event: 25.605 Thread 0x0000028769b00a90 Exception <a 'java/lang/NoSuchMethodError'{0x0000000088626428}: 'java.lang.Object java.lang.invoke.Invokers$Holder.invokeExact_MT(java.lang.Object, int, java.lang.Object)'> (0x0000000088626428) 
thrown [s\src\hotspot\share\interpreter\linkResolver.cpp, line 773]
Event: 28.206 Thread 0x0000028769b00a90 Exception <a 'java/lang/NoSuchMethodError'{0x0000000087e803c0}: 'void java.lang.invoke.Invokers$Holder.invokeExact_MT(java.lang.Object, java.lang.Object, java.lang.Object, java.lang.Object)'> (0x0000000087e803c0) 
thrown [s\src\hotspot\share\interpreter\linkResolver.cpp, line 773]
Event: 28.287 Thread 0x0000028769b00a90 Exception <a 'java/lang/NoClassDefFoundError'{0x0000000087d14cf8}: com/google/inject/servlet/ServletModuleTargetVisitor> (0x0000000087d14cf8) 
thrown [s\src\hotspot\share\classfile\systemDictionary.cpp, line 301]
Event: 30.001 Thread 0x0000028769b00a90 Exception <a 'java/lang/NoSuchMethodError'{0x0000000087b783e8}: 'java.lang.Object java.lang.invoke.DirectMethodHandle$Holder.invokeStaticInit(java.lang.Object, int, int, int, int)'> (0x0000000087b783e8) 
thrown [s\src\hotspot\share\interpreter\linkResolver.cpp, line 773]
Event: 31.285 Thread 0x0000028769b00a90 Implicit null exception at 0x0000028707afe424 to 0x0000028707afeabc
Event: 31.285 Thread 0x0000028769b00a90 Implicit null exception at 0x0000028707b04e20 to 0x0000028707b054bc
Event: 32.294 Thread 0x0000028769b00a90 Exception <a 'java/lang/NoSuchMethodError'{0x00000000876421b0}: 'void java.lang.invoke.DirectMethodHandle$Holder.invokeSpecial(java.lang.Object, java.lang.Object, java.lang.Object, java.lang.Object, java.lang.Object, java.lang.Object)'> (0x00000000876421b0) 
thrown [s\src\hotspot\share\interpreter\linkResolver.cpp, line 773]
Event: 32.727 Thread 0x0000028769b00a90 Exception <a 'java/lang/NoSuchMethodError'{0x000000008753aee8}: 'java.lang.Object java.lang.invoke.DirectMethodHandle$Holder.invokeVirtual(java.lang.Object, java.lang.Object, java.lang.Object)'> (0x000000008753aee8) 
thrown [s\src\hotspot\share\interpreter\linkResolver.cpp, line 773]
Event: 33.233 Thread 0x0000028769b00a90 Exception <a 'java/lang/NoSuchMethodError'{0x000000008732d4f0}: 'void java.lang.invoke.DirectMethodHandle$Holder.invokeVirtual(java.lang.Object, java.lang.Object, int)'> (0x000000008732d4f0) 
thrown [s\src\hotspot\share\interpreter\linkResolver.cpp, line 773]
Event: 33.260 Thread 0x0000028769b00a90 Exception <a 'java/lang/NoSuchMethodError'{0x0000000087331728}: 'int java.lang.invoke.DirectMethodHandle$Holder.invokeSpecial(java.lang.Object, java.lang.Object, java.lang.Object, int)'> (0x0000000087331728) 
thrown [s\src\hotspot\share\interpreter\linkResolver.cpp, line 773]
Event: 33.265 Thread 0x0000028769b00a90 Exception <a 'java/lang/NoSuchMethodError'{0x0000000087344170}: 'java.lang.Object java.lang.invoke.DirectMethodHandle$Holder.invokeStatic(java.lang.Object, java.lang.Object, java.lang.Object, java.lang.Object, int)'> (0x0000000087344170) 
thrown [s\src\hotspot\share\interpreter\linkResolver.cpp, line 773]
Event: 33.266 Thread 0x0000028769b00a90 Exception <a 'java/lang/NoSuchMethodError'{0x000000008734c140}: 'void java.lang.invoke.DirectMethodHandle$Holder.invokeSpecial(java.lang.Object, java.lang.Object, java.lang.Object, int)'> (0x000000008734c140) 
thrown [s\src\hotspot\share\interpreter\linkResolver.cpp, line 773]
Event: 33.267 Thread 0x0000028769b00a90 Exception <a 'java/lang/NoSuchMethodError'{0x000000008734f820}: 'void java.lang.invoke.DelegatingMethodHandle$Holder.reinvoke_L(java.lang.Object, java.lang.Object, int)'> (0x000000008734f820) 
thrown [s\src\hotspot\share\interpreter\linkResolver.cpp, line 773]
Event: 56.123 Thread 0x0000028769b00a90 Implicit null exception at 0x0000028707c1a8d0 to 0x0000028707c1abec
Event: 56.123 Thread 0x0000028769b00a90 Implicit null exception at 0x0000028707bf8cf5 to 0x0000028707bfa7a4
Event: 56.129 Thread 0x0000028769b00a90 Implicit null exception at 0x0000028707b8d01b to 0x0000028707b8d21c
Event: 56.130 Thread 0x0000028769b00a90 Implicit null exception at 0x0000028707be0789 to 0x0000028707be1088
Event: 56.137 Thread 0x0000028769b00a90 Exception <a 'java/lang/NoSuchMethodError'{0x0000000089400ad8}: 'void java.lang.invoke.DirectMethodHandle$Holder.invokeStatic(java.lang.Object, java.lang.Object, java.lang.Object, java.lang.Object)'> (0x0000000089400ad8) 
thrown [s\src\hotspot\share\interpreter\linkResolver.cpp, line 773]
Event: 193.321 Thread 0x0000028769b00a90 Implicit null exception at 0x0000028707b58ac0 to 0x0000028707b58b45

ZGC Phase Switch (0 events):
No events

VM Operations (20 events):
Event: 183.851 Executing safepoint VM operation: Cleanup
Event: 183.851 Executing safepoint VM operation: Cleanup done
Event: 184.859 Executing safepoint VM operation: Cleanup
Event: 184.859 Executing safepoint VM operation: Cleanup done
Event: 185.863 Executing safepoint VM operation: Cleanup
Event: 185.863 Executing safepoint VM operation: Cleanup done
Event: 186.867 Executing safepoint VM operation: Cleanup
Event: 186.867 Executing safepoint VM operation: Cleanup done
Event: 187.879 Executing safepoint VM operation: Cleanup
Event: 187.879 Executing safepoint VM operation: Cleanup done
Event: 188.886 Executing safepoint VM operation: Cleanup
Event: 188.886 Executing safepoint VM operation: Cleanup done
Event: 189.897 Executing safepoint VM operation: Cleanup
Event: 189.897 Executing safepoint VM operation: Cleanup done
Event: 190.897 Executing safepoint VM operation: Cleanup
Event: 190.898 Executing safepoint VM operation: Cleanup done
Event: 191.905 Executing safepoint VM operation: Cleanup
Event: 191.905 Executing safepoint VM operation: Cleanup done
Event: 192.911 Executing safepoint VM operation: Cleanup
Event: 192.911 Executing safepoint VM operation: Cleanup done

Memory protections (0 events):
No events

Nmethod flushes (0 events):
No events

Events (14 events):
Event: 0.040 Thread 0x0000028769b00a90 Thread added: 0x0000028769b00a90
Event: 0.067 Thread 0x0000028769b00a90 Thread added: 0x00000287791b2690
Event: 0.067 Thread 0x0000028769b00a90 Thread added: 0x00000287791b6d20
Event: 0.067 Thread 0x0000028769b00a90 Thread added: 0x00000287791b7390
Event: 0.067 Thread 0x0000028769b00a90 Thread added: 0x00000287791b7a00
Event: 0.068 Thread 0x0000028769b00a90 Thread added: 0x00000287791bc080
Event: 0.068 Thread 0x0000028769b00a90 Thread added: 0x00000287791bc6f0
Event: 0.068 Thread 0x0000028769b00a90 Thread added: 0x00000287791bf0a0
Event: 0.068 Thread 0x0000028769b00a90 Thread added: 0x00000287791c3f10
Event: 0.130 Thread 0x0000028769b00a90 Thread added: 0x0000028779332470
Event: 0.161 Thread 0x0000028769b00a90 Thread added: 0x0000028779335300
Event: 8.207 Thread 0x0000028769b00a90 Thread added: 0x00000287795f0420
Event: 30.682 Thread 0x0000028769b00a90 Thread added: 0x0000028779ae57d0
Event: 39.418 Thread 0x00000287795f0420 Thread exited: 0x00000287795f0420


Dynamic libraries:
0x00007ff6fbf50000 - 0x00007ff6fbf5e000 	C:\Program Files\Eclipse Adoptium\jdk-21.0.10.7-hotspot\bin\java.exe
0x00007ff9593b0000 - 0x00007ff9595a8000 	C:\Windows\SYSTEM32\ntdll.dll
0x00007ff958240000 - 0x00007ff958302000 	C:\Windows\System32\KERNEL32.DLL
0x00007ff956dc0000 - 0x00007ff9570b6000 	C:\Windows\System32\KERNELBASE.dll
0x00007ff9570f0000 - 0x00007ff9571f0000 	C:\Windows\System32\ucrtbase.dll
0x00007ff94e320000 - 0x00007ff94e338000 	C:\Program Files\Eclipse Adoptium\jdk-21.0.10.7-hotspot\bin\jli.dll
0x00007ff957a80000 - 0x00007ff957c21000 	C:\Windows\System32\USER32.dll
0x00007ff956be0000 - 0x00007ff956c02000 	C:\Windows\System32\win32u.dll
0x00007ff957e10000 - 0x00007ff957e3b000 	C:\Windows\System32\GDI32.dll
0x00007ff956a40000 - 0x00007ff956b59000 	C:\Windows\System32\gdi32full.dll
0x00007ff957280000 - 0x00007ff95731d000 	C:\Windows\System32\msvcp_win.dll
0x00007ff94bfb0000 - 0x00007ff94bfce000 	C:\Program Files\Eclipse Adoptium\jdk-21.0.10.7-hotspot\bin\VCRUNTIME140.dll
0x00007ff9429f0000 - 0x00007ff942c8b000 	C:\Windows\WinSxS\amd64_microsoft.windows.common-controls_6595b64144ccf1df_6.0.19041.6456_none_60b8a6cb71f64256\COMCTL32.dll
0x00007ff957d10000 - 0x00007ff957dae000 	C:\Windows\System32\msvcrt.dll
0x00007ff958370000 - 0x00007ff95839f000 	C:\Windows\System32\IMM32.DLL
0x00007ff950f50000 - 0x00007ff950f5c000 	C:\Program Files\Eclipse Adoptium\jdk-21.0.10.7-hotspot\bin\vcruntime140_1.dll
0x00007ff93c9b0000 - 0x00007ff93ca3d000 	C:\Program Files\Eclipse Adoptium\jdk-21.0.10.7-hotspot\bin\msvcp140.dll
0x00007ff8e25b0000 - 0x00007ff8e3351000 	C:\Program Files\Eclipse Adoptium\jdk-21.0.10.7-hotspot\bin\server\jvm.dll
0x00007ff958b10000 - 0x00007ff958bc1000 	C:\Windows\System32\ADVAPI32.dll
0x00007ff957f40000 - 0x00007ff957fdf000 	C:\Windows\System32\sechost.dll
0x00007ff959130000 - 0x00007ff959250000 	C:\Windows\System32\RPCRT4.dll
0x00007ff9570c0000 - 0x00007ff9570e7000 	C:\Windows\System32\bcrypt.dll
0x00007ff959060000 - 0x00007ff9590cb000 	C:\Windows\System32\WS2_32.dll
0x00007ff955f90000 - 0x00007ff955fdb000 	C:\Windows\SYSTEM32\POWRPROF.dll
0x00007ff94a7b0000 - 0x00007ff94a7d7000 	C:\Windows\SYSTEM32\WINMM.dll
0x00007ff94f430000 - 0x00007ff94f43a000 	C:\Windows\SYSTEM32\VERSION.dll
0x00007ff955e00000 - 0x00007ff955e12000 	C:\Windows\SYSTEM32\UMPDC.dll
0x00007ff954870000 - 0x00007ff954882000 	C:\Windows\SYSTEM32\kernel.appcore.dll
0x00007ff94e580000 - 0x00007ff94e58a000 	C:\Program Files\Eclipse Adoptium\jdk-21.0.10.7-hotspot\bin\jimage.dll
0x00007ff94f8b0000 - 0x00007ff94fab1000 	C:\Windows\SYSTEM32\DBGHELP.DLL
0x00007ff93b130000 - 0x00007ff93b164000 	C:\Windows\SYSTEM32\dbgcore.DLL
0x00007ff9571f0000 - 0x00007ff957272000 	C:\Windows\System32\bcryptPrimitives.dll
0x00007ff94bec0000 - 0x00007ff94bee0000 	C:\Program Files\Eclipse Adoptium\jdk-21.0.10.7-hotspot\bin\java.dll
0x00007ff9583a0000 - 0x00007ff958b10000 	C:\Windows\System32\SHELL32.dll
0x00007ff954a70000 - 0x00007ff955215000 	C:\Windows\SYSTEM32\windows.storage.dll
0x00007ff958d00000 - 0x00007ff959054000 	C:\Windows\System32\combase.dll
0x00007ff956390000 - 0x00007ff9563bb000 	C:\Windows\SYSTEM32\Wldp.dll
0x00007ff957e40000 - 0x00007ff957f0d000 	C:\Windows\System32\OLEAUT32.dll
0x00007ff958190000 - 0x00007ff95823d000 	C:\Windows\System32\SHCORE.dll
0x00007ff958130000 - 0x00007ff95818b000 	C:\Windows\System32\shlwapi.dll
0x00007ff956970000 - 0x00007ff956994000 	C:\Windows\SYSTEM32\profapi.dll
0x00007ff93c870000 - 0x00007ff93c947000 	C:\Program Files\Eclipse Adoptium\jdk-21.0.10.7-hotspot\bin\jsvml.dll
0x00007ff94e3a0000 - 0x00007ff94e3b0000 	C:\Program Files\Eclipse Adoptium\jdk-21.0.10.7-hotspot\bin\net.dll
0x00007ff94ee60000 - 0x00007ff94ef6a000 	C:\Windows\SYSTEM32\WINHTTP.dll
0x00007ff956170000 - 0x00007ff9561da000 	C:\Windows\system32\mswsock.dll
0x00007ff93ee20000 - 0x00007ff93ee36000 	C:\Program Files\Eclipse Adoptium\jdk-21.0.10.7-hotspot\bin\nio.dll
0x00007ff93ee00000 - 0x00007ff93ee18000 	C:\Program Files\Eclipse Adoptium\jdk-21.0.10.7-hotspot\bin\zip.dll
0x00007ff93ec00000 - 0x00007ff93ec24000 	C:\Users\3020s\.m2\wrapper\dists\apache-maven-3.9.14\ed7edd442f634ac1c1ef5ba2b61b6d690b5221091f1a8e1123f5fadcc967520d\lib\jansi-native\Windows\x86_64\jansi.dll
0x00007ff94c030000 - 0x00007ff94c040000 	C:\Program Files\Eclipse Adoptium\jdk-21.0.10.7-hotspot\bin\verify.dll

JVMTI agents: none

dbghelp: loaded successfully - version: 4.0.5 - missing functions: none
symbol engine: initialized successfully - sym options: 0x614 - pdb path: .;C:\Program Files\Eclipse Adoptium\jdk-21.0.10.7-hotspot\bin;C:\Windows\SYSTEM32;C:\Windows\WinSxS\amd64_microsoft.windows.common-controls_6595b64144ccf1df_6.0.19041.6456_none_60b8a6cb71f64256;C:\Program Files\Eclipse Adoptium\jdk-21.0.10.7-hotspot\bin\server;C:\Users\3020s\.m2\wrapper\dists\apache-maven-3.9.14\ed7edd442f634ac1c1ef5ba2b61b6d690b5221091f1a8e1123f5fadcc967520d\lib\jansi-native\Windows\x86_64

VM Arguments:
jvm_args: --enable-native-access=ALL-UNNAMED -Dclassworlds.conf=C:\Users\3020s\.m2\wrapper\dists\apache-maven-3.9.14\ed7edd442f634ac1c1ef5ba2b61b6d690b5221091f1a8e1123f5fadcc967520d\bin\m2.conf -Dmaven.home=C:\Users\3020s\.m2\wrapper\dists\apache-maven-3.9.14\ed7edd442f634ac1c1ef5ba2b61b6d690b5221091f1a8e1123f5fadcc967520d -Dlibrary.jansi.path=C:\Users\3020s\.m2\wrapper\dists\apache-maven-3.9.14\ed7edd442f634ac1c1ef5ba2b61b6d690b5221091f1a8e1123f5fadcc967520d\lib\jansi-native -Dmaven.multiModuleProjectDirectory=C:\Users\3020s\OneDrive\Escritorio\8Sem\taller software\Group-C_Droca-Inmob_Backend\property-service 
java_command: org.codehaus.plexus.classworlds.launcher.Launcher clean install -DskipTests spring-boot:run
java_class_path (initial): C:\Users\3020s\.m2\wrapper\dists\apache-maven-3.9.14\ed7edd442f634ac1c1ef5ba2b61b6d690b5221091f1a8e1123f5fadcc967520d\boot\plexus-classworlds-2.9.0.jar
Launcher Type: SUN_STANDARD

[Global flags]
     intx CICompilerCount                          = 3                                         {product} {ergonomic}
     uint ConcGCThreads                            = 1                                         {product} {ergonomic}
     uint G1ConcRefinementThreads                  = 4                                         {product} {ergonomic}
   size_t G1HeapRegionSize                         = 1048576                                   {product} {ergonomic}
    uintx GCDrainStackTargetSize                   = 64                                        {product} {ergonomic}
   size_t InitialHeapSize                          = 132120576                                 {product} {ergonomic}
   size_t MarkStackSize                            = 4194304                                   {product} {ergonomic}
   size_t MaxHeapSize                              = 2105540608                                {product} {ergonomic}
   size_t MaxNewSize                               = 1262485504                                {product} {ergonomic}
   size_t MinHeapDeltaBytes                        = 1048576                                   {product} {ergonomic}
   size_t MinHeapSize                              = 8388608                                   {product} {ergonomic}
    uintx NonNMethodCodeHeapSize                   = 5832780                                {pd product} {ergonomic}
    uintx NonProfiledCodeHeapSize                  = 122912730                              {pd product} {ergonomic}
    uintx ProfiledCodeHeapSize                     = 122912730                              {pd product} {ergonomic}
    uintx ReservedCodeCacheSize                    = 251658240                              {pd product} {ergonomic}
     bool SegmentedCodeCache                       = true                                      {product} {ergonomic}
   size_t SoftMaxHeapSize                          = 2105540608                             {manageable} {ergonomic}
     bool UseCompressedOops                        = true                           {product lp64_product} {ergonomic}
     bool UseG1GC                                  = true                                      {product} {ergonomic}
     bool UseLargePagesIndividualAllocation        = false                                  {pd product} {ergonomic}

Logging:
Log output configuration:
 #0: stdout all=warning uptime,level,tags foldmultilines=false
 #1: stderr all=off uptime,level,tags foldmultilines=false

Release file:
IMPLEMENTOR="Eclipse Adoptium" 
IMPLEMENTOR_VERSION="Temurin-21.0.10+7" 
JAVA_RUNTIME_VERSION="21.0.10+7-LTS" 
JAVA_VERSION="21.0.10" 
JAVA_VERSION_DATE="2026-01-20" 
LIBC="default" 
MODULES="java.base java.compiler java.datatransfer java.xml java.prefs java.desktop java.instrument java.logging java.management java.security.sasl java.naming java.rmi java.management.rmi java.net.http java.scripting java.security.jgss java.transaction.xa java.sql java.sql.rowset java.xml.crypto java.se java.smartcardio jdk.accessibility jdk.internal.jvmstat jdk.attach jdk.charsets jdk.internal.opt jdk.zipfs jdk.compiler jdk.crypto.ec jdk.crypto.cryptoki jdk.crypto.mscapi jdk.dynalink jdk.internal.ed jdk.editpad jdk.hotspot.agent jdk.httpserver jdk.incubator.vector jdk.internal.le jdk.internal.vm.ci jdk.internal.vm.compiler jdk.internal.vm.compiler.management jdk.jartool jdk.javadoc jdk.jcmd jdk.management jdk.management.agent jdk.jconsole jdk.jdeps jdk.jdwp.agent jdk.jdi jdk.jfr jdk.jlink jdk.jpackage jdk.jshell jdk.jsobject jdk.jstatd jdk.localedata jdk.management.jfr jdk.naming.dns jdk.naming.rmi jdk.net jdk.nio.mapmode jdk.random jdk.sctp jdk.security.auth jdk.security.jgss jdk.unsupported jdk.unsupported.desktop jdk.xml.dom" 
OS_ARCH="x86_64" 
OS_NAME="Windows" 
SOURCE=".:git:a633eafe0fcc" 
BUILD_SOURCE="git:458965074606f027bd5afce2cfd5c1055dea0438"
BUILD_SOURCE_REPO="https://github.com/adoptium/temurin-build.git"
SOURCE_REPO="https://github.com/adoptium/jdk21u.git"
FULL_VERSION="21.0.10+7-LTS"
SEMANTIC_VERSION="21.0.10+7"
BUILD_INFO="OS: Windows Server 2022 Version: 10.0"
JVM_VARIANT="Hotspot"
JVM_VERSION="21.0.10+7-LTS"
IMAGE_TYPE="JDK"

Environment Variables:
JAVA_HOME=C:\Program Files\Eclipse Adoptium\jdk-21.0.10.7-hotspot\
PATH=C:\Users\3020s\OneDrive\Escritorio\8Sem\taller software\runner_taller_desarrollo\node_modules\.bin;C:\Users\3020s\OneDrive\Escritorio\8Sem\taller software\node_modules\.bin;C:\Users\3020s\OneDrive\Escritorio\8Sem\node_modules\.bin;C:\Users\3020s\OneDrive\Escritorio\node_modules\.bin;C:\Users\3020s\OneDrive\node_modules\.bin;C:\Users\3020s\node_modules\.bin;C:\Users\node_modules\.bin;C:\node_modules\.bin;C:\Users\3020s\AppData\Roaming\nvm\v25.2.1\node_modules\npm\node_modules\@npmcli\run-script\lib\node-gyp-bin;C:\Program Files\Eclipse Adoptium\jdk-21.0.10.7-hotspot\bin;c:\devkitPro\msys2\usr\bin;C:\Program Files\Eclipse Adoptium\jdk-17.0.16.8-hotspot\bin;C:\Program Files (x86)\Eclipse Adoptium\jdk-11.0.27.6-hotspot\bin;C:\flutter\flutter\bin;C:\jdk-11.0.21\bin;C:\Windows\system32;C:\Windows;C:\Windows\System32\Wbem;C:\Windows\System32\WindowsPowerShell\v1.0\;C:\Windows\System32\OpenSSH\;C:\Program Files\Microsoft SQL Server\150\Tools\Binn\;C:\Program Files\Microsoft SQL Server\Client SDK\ODBC\170\Tools\Binn\;C:\Program Files\dotnet\;C:\Program Files (x86)\Windows Kits\10\Windows Performance Toolkit\;C:\Program Files\Git\cmd;C:\Users\3020s\AppData\Roaming\nvm;C:\Program Files\nodejs;C:\Program Files\cursor\resources\app\bin;C:\Program Files\Docker\Docker\resources\bin;C:\Tools\apache-maven-3.8.7-bin\bin;C:\Program Files\GTK3-Runtime Win64\bin;C:\Users\3020s\AppData\Local\Programs\Python\Launcher\;C:\Users\3020s\AppData\Local\pnpm;C:\Users\3020s\AppData\Local\Microsoft\WindowsApps;C:\Microsoft VS Code\bin;C:\Users\3020s\.dotnet\tools;C:\Users\3020s\AppData\Local\GitHubDesktop\bin;C:\Users\3020s\AppData\Roaming\npm;C:\Users\3020s\AppData\Roaming\nvm;C:\Program Files\nodejs;C:\Users\3020s\.bun\bin;C:\Users\3020s\AppData\Local\Python\bin;C:\Users\3020s\AppData\Local\Programs\cursor\resources\app\bin
USERNAME=3020s
LANG=en_US.UTF-8
OS=Windows_NT
PROCESSOR_IDENTIFIER=Intel64 Family 6 Model 78 Stepping 3, GenuineIntel
TMP=C:\Users\3020s\AppData\Local\Temp
TEMP=C:\Users\3020s\AppData\Local\Temp




Periodic native trim disabled

---------------  S Y S T E M  ---------------

OS:
 Windows 10 , 64 bit Build 19041 (10.0.19041.5915)
OS uptime: 14 days 18:20 hours
Hyper-V role detected

CPU: total 4 (initial active 4) (2 cores per cpu, 2 threads per core) family 6 model 78 stepping 3 microcode 0xcc, cx8, cmov, fxsr, ht, mmx, 3dnowpref, sse, sse2, sse3, ssse3, sse4.1, sse4.2, popcnt, lzcnt, tsc, tscinvbit, avx, avx2, aes, erms, clmul, bmi1, bmi2, adx, fma, vzeroupper, clflush, clflushopt, hv, rdtscp, f16c
Processor Information for the first 4 processors :
  Max Mhz: 2592, Current Mhz: 2492, Mhz Limit: 2488

Memory: 4k page, system-wide physical 8030M (111M free)
TotalPageFile size 32606M (AvailPageFile size 0M)
current process WorkingSet (physical memory assigned to process): 148M, peak: 161M
current process commit charge ("private bytes"): 247M, peak: 254M

vm_info: OpenJDK 64-Bit Server VM (21.0.10+7-LTS) for windows-amd64 JRE (21.0.10+7-LTS), built on 2026-01-20T00:00:00Z by "admin" with MS VC++ 17.12 (VS2022)

END.
